Component: Arm Compiler for Embedded 6.22 Tool: armlink [5ee90200]

==============================================================================

Section Cross References

    startup_stm32f446xx.o(STACK) refers (Special) to heapauxi.o(.text) for __use_two_region_memory
    startup_stm32f446xx.o(HEAP) refers (Special) to heapauxi.o(.text) for __use_two_region_memory
    startup_stm32f446xx.o(RESET) refers (Special) to heapauxi.o(.text) for __use_two_region_memory
    startup_stm32f446xx.o(RESET) refers to startup_stm32f446xx.o(STACK) for __initial_sp
    startup_stm32f446xx.o(RESET) refers to startup_stm32f446xx.o(.text) for Reset_Handler
    startup_stm32f446xx.o(RESET) refers to stm32f4xx_it.o(.text.NMI_Handler) for NMI_Handler
    startup_stm32f446xx.o(RESET) refers to stm32f4xx_it.o(.text.HardFault_Handler) for HardFault_Handler
    startup_stm32f446xx.o(RESET) refers to stm32f4xx_it.o(.text.MemManage_Handler) for MemManage_Handler
    startup_stm32f446xx.o(RESET) refers to stm32f4xx_it.o(.text.BusFault_Handler) for BusFault_Handler
    startup_stm32f446xx.o(RESET) refers to stm32f4xx_it.o(.text.UsageFault_Handler) for UsageFault_Handler
    startup_stm32f446xx.o(RESET) refers to stm32f4xx_it.o(.text.SVC_Handler) for SVC_Handler
    startup_stm32f446xx.o(RESET) refers to stm32f4xx_it.o(.text.DebugMon_Handler) for DebugMon_Handler
    startup_stm32f446xx.o(RESET) refers to stm32f4xx_it.o(.text.PendSV_Handler) for PendSV_Handler
    startup_stm32f446xx.o(RESET) refers to stm32f4xx_it.o(.text.SysTick_Handler) for SysTick_Handler
    startup_stm32f446xx.o(RESET) refers to stm32f4xx_it.o(.text.DMA1_Stream3_IRQHandler) for DMA1_Stream3_IRQHandler
    startup_stm32f446xx.o(RESET) refers to stm32f4xx_it.o(.text.USART3_IRQHandler) for USART3_IRQHandler
    startup_stm32f446xx.o(RESET) refers to stm32f4xx_it.o(.text.EXTI15_10_IRQHandler) for EXTI15_10_IRQHandler
    startup_stm32f446xx.o(RESET) refers to stm32f4xx_it.o(.text.TIM6_DAC_IRQHandler) for TIM6_DAC_IRQHandler
    startup_stm32f446xx.o(RESET) refers to stm32f4xx_it.o(.text.DMA2_Stream1_IRQHandler) for DMA2_Stream1_IRQHandler
    startup_stm32f446xx.o(RESET) refers to stm32f4xx_it.o(.text.DCMI_IRQHandler) for DCMI_IRQHandler
    startup_stm32f446xx.o(.text) refers (Special) to heapauxi.o(.text) for __use_two_region_memory
    startup_stm32f446xx.o(.text) refers to system_stm32f4xx.o(.text.SystemInit) for SystemInit
    startup_stm32f446xx.o(.text) refers to __main.o(!!!main) for __main
    startup_stm32f446xx.o(.text) refers to startup_stm32f446xx.o(HEAP) for Heap_Mem
    startup_stm32f446xx.o(.text) refers to startup_stm32f446xx.o(STACK) for Stack_Mem
    ov7670.o(.text) refers (Special) to _printf_percent.o(.ARM.Collect$$_printf_percent$$00000000) for _printf_percent
    ov7670.o(.text) refers (Special) to _printf_x.o(.ARM.Collect$$_printf_percent$$0000000C) for _printf_x
    ov7670.o(.text) refers (Special) to _printf_hex_int.o(.text) for _printf_longlong_hex
    ov7670.o(.text.ov7670_init) refers (Special) to _printf_percent.o(.ARM.Collect$$_printf_percent$$00000000) for _printf_percent
    ov7670.o(.text.ov7670_init) refers (Special) to _printf_x.o(.ARM.Collect$$_printf_percent$$0000000C) for _printf_x
    ov7670.o(.text.ov7670_init) refers (Special) to _printf_hex_int.o(.text) for _printf_longlong_hex
    ov7670.o(.text.ov7670_init) refers to config.o(.text.print_msg) for print_msg
    ov7670.o(.text.ov7670_init) refers to config.o(.bss.hi2c2) for hi2c2
    ov7670.o(.text.ov7670_init) refers to stm32f4xx_hal_i2c.o(.text.HAL_I2C_Master_Transmit) for HAL_I2C_Master_Transmit
    ov7670.o(.text.ov7670_init) refers to config.o(.text.Error_Handler) for Error_Handler
    ov7670.o(.text.ov7670_init) refers to stm32f4xx_hal_i2c.o(.text.HAL_I2C_Master_Receive) for HAL_I2C_Master_Receive
    ov7670.o(.text.ov7670_init) refers to ov7670.o(.rodata.OV7670_reg) for OV7670_reg
    ov7670.o(.text.ov7670_init) refers to stm32f4xx_hal.o(.text.HAL_Delay) for HAL_Delay
    ov7670.o(.text.ov7670_init) refers to noretval__2sprintf.o(.text) for __2sprintf
    ov7670.o(.ARM.exidx.text.ov7670_init) refers (Special) to _printf_percent.o(.ARM.Collect$$_printf_percent$$00000000) for _printf_percent
    ov7670.o(.ARM.exidx.text.ov7670_init) refers (Special) to _printf_x.o(.ARM.Collect$$_printf_percent$$0000000C) for _printf_x
    ov7670.o(.ARM.exidx.text.ov7670_init) refers (Special) to _printf_hex_int.o(.text) for _printf_longlong_hex
    ov7670.o(.ARM.exidx.text.ov7670_init) refers to ov7670.o(.text.ov7670_init) for [Anonymous Symbol]
    ov7670.o(.text.ov7670_read) refers (Special) to _printf_percent.o(.ARM.Collect$$_printf_percent$$00000000) for _printf_percent
    ov7670.o(.text.ov7670_read) refers (Special) to _printf_x.o(.ARM.Collect$$_printf_percent$$0000000C) for _printf_x
    ov7670.o(.text.ov7670_read) refers (Special) to _printf_hex_int.o(.text) for _printf_longlong_hex
    ov7670.o(.text.ov7670_read) refers to config.o(.bss.hi2c2) for hi2c2
[...]
    [Anonymous Symbol]                       0x08000ae0   Section        0  config.o(.text.Error_Handler)
    [Anonymous Symbol]                       0x08000aec   Section        0  stm32f4xx_hal_dcmi.o(.text.HAL_DCMI_ErrorCallback)
    [Anonymous Symbol]                       0x08000af0   Section        0  stm32f4xx_hal_dcmi.o(.text.HAL_DCMI_FrameEventCallback)
    [Anonymous Symbol]                       0x08000af4   Section        0  stm32f4xx_hal_dcmi.o(.text.HAL_DCMI_IRQHandler)
    [Anonymous Symbol]                       0x08000b98   Section        0  stm32f4xx_hal_dcmi_ex.o(.text.HAL_DCMI_Init)
    [Anonymous Symbol]                       0x08000c38   Section        0  stm32f4xx_hal_dcmi.o(.text.HAL_DCMI_LineEventCallback)
    [Anonymous Symbol]                       0x08000c3c   Section        0  stm32f4xx_hal_msp.o(.text.HAL_DCMI_MspInit)
    [Anonymous Symbol]                       0x08000dd0   Section        0  stm32f4xx_hal_dcmi.o(.text.HAL_DCMI_Start_DMA)
    [Anonymous Symbol]                       0x08000ed8   Section        0  stm32f4xx_hal_dcmi.o(.text.HAL_DCMI_Stop)
    [Anonymous Symbol]                       0x08000f88   Section        0  stm32f4xx_hal_dcmi.o(.text.HAL_DCMI_VsyncEventCallback)
    [Anonymous Symbol]                       0x08000f8c   Section        0  stm32f4xx_hal_dma_ex.o(.text.HAL_DMAEx_ChangeMemory)
    [Anonymous Symbol]                       0x08000fa0   Section        0  stm32f4xx_hal_dma_ex.o(.text.HAL_DMAEx_MultiBufferStart_IT)
    [Anonymous Symbol]                       0x08001474   Section        0  stm32f4xx_hal_dma.o(.text.HAL_DMA_Abort)
    [Anonymous Symbol]                       0x08001504   Section        0  stm32f4xx_hal_dma.o(.text.HAL_DMA_Abort_IT)
    [Anonymous Symbol]                       0x08001528   Section        0  stm32f4xx_hal_dma.o(.text.HAL_DMA_IRQHandler)
    [Anonymous Symbol]                       0x080016ec   Section        0  stm32f4xx_hal_dma.o(.text.HAL_DMA_Init)
    [Anonymous Symbol]                       0x08001850   Section        0  stm32f4xx_hal_dma.o(.text.HAL_DMA_Start_IT)
    [Anonymous Symbol]                       0x080018f4   Section        0  stm32f4xx_hal.o(.text.HAL_Delay)
    [Anonymous Symbol]                       0x0800191c   Section        0  stm32f4xx_hal_gpio.o(.text.HAL_GPIO_EXTI_Callback)
    [Anonymous Symbol]                       0x08001920   Section        0  stm32f4xx_hal_gpio.o(.text.HAL_GPIO_EXTI_IRQHandler)
    [Anonymous Symbol]                       0x08001938   Section        0  stm32f4xx_hal_gpio.o(.text.HAL_GPIO_Init)
    [Anonymous Symbol]                       0x08001ad8   Section        0  stm32f4xx_hal_gpio.o(.text.HAL_GPIO_TogglePin)
    [Anonymous Symbol]                       0x08001ae8   Section        0  stm32f4xx_hal_gpio.o(.text.HAL_GPIO_WritePin)
    [Anonymous Symbol]                       0x08001af4   Section        0  stm32f4xx_hal.o(.text.HAL_GetTick)
    [Anonymous Symbol]                       0x08001b00   Section        0  stm32f4xx_hal_i2c.o(.text.HAL_I2C_Init)
    [Anonymous Symbol]                       0x08001c64   Section        0  stm32f4xx_hal_i2c.o(.text.HAL_I2C_Master_Receive)
    [Anonymous Symbol]                       0x08002268   Section        0  stm32f4xx_hal_i2c.o(.text.HAL_I2C_Master_Transmit)
    [Anonymous Symbol]                       0x08002680   Section        0  stm32f4xx_hal_msp.o(.text.HAL_I2C_MspInit)
    [Anonymous Symbol]                       0x080026f4   Section        0  stm32f4xx_hal.o(.text.HAL_IncTick)
    [Anonymous Symbol]                       0x08002710   Section        0  stm32f4xx_hal.o(.text.HAL_Init)
    [Anonymous Symbol]                       0x08002748   Section        0  stm32f4xx_hal.o(.text.HAL_InitTick)
    [Anonymous Symbol]                       0x08002790   Section        0  stm32f4xx_hal_msp.o(.text.HAL_MspInit)
    [Anonymous Symbol]                       0x080027c8   Section        0  stm32f4xx_hal_cortex.o(.text.HAL_NVIC_EnableIRQ)
    [Anonymous Symbol]                       0x080027ec   Section        0  stm32f4xx_hal_cortex.o(.text.HAL_NVIC_SetPriority)
    [Anonymous Symbol]                       0x08002844   Section        0  stm32f4xx_hal_cortex.o(.text.HAL_NVIC_SetPriorityGrouping)
    [Anonymous Symbol]                       0x08002864   Section        0  stm32f4xx_hal_pcd_ex.o(.text.HAL_PCDEx_ActivateLPM)
    [Anonymous Symbol]                       0x0800288c   Section        0  stm32f4xx_hal_pcd.o(.text.HAL_PCD_Init)
    [Anonymous Symbol]                       0x08002a50   Section        0  stm32f4xx_hal_msp.o(.text.HAL_PCD_MspInit)
    [Anonymous Symbol]                       0x08002b00   Section        0  stm32f4xx_hal_rcc_ex.o(.text.HAL_RCCEx_PeriphCLKConfig)
    [Anonymous Symbol]                       0x08002f40   Section        0  stm32f4xx_hal_rcc.o(.text.HAL_RCC_ClockConfig)
    [Anonymous Symbol]                       0x080030a4   Section        0  stm32f4xx_hal_rcc.o(.text.HAL_RCC_GetPCLK1Freq)
    [Anonymous Symbol]                       0x080030cc   Section        0  stm32f4xx_hal_rcc.o(.text.HAL_RCC_GetPCLK2Freq)
    [Anonymous Symbol]                       0x080030f4   Section        0  stm32f4xx_hal_rcc_ex.o(.text.HAL_RCC_GetSysClockFreq)
    [Anonymous Symbol]                       0x08003198   Section        0  stm32f4xx_hal_rcc_ex.o(.text.HAL_RCC_OscConfig)
    [Anonymous Symbol]                       0x08003574   Section        0  stm32f4xx_hal_cortex.o(.text.HAL_SYSTICK_Config)
    [Anonymous Symbol]                       0x080035a0   Section        0  stm32f4xx_hal_tim_ex.o(.text.HAL_TIMEx_BreakCallback)
    [Anonymous Symbol]                       0x080035a4   Section        0  stm32f4xx_hal_tim_ex.o(.text.HAL_TIMEx_CommutCallback)
    [Anonymous Symbol]                       0x080035a8   Section        0  stm32f4xx_hal_tim_ex.o(.text.HAL_TIMEx_ConfigBreakDeadTime)
    [Anonymous Symbol]                       0x080035f4   Section        0  stm32f4xx_hal_tim_ex.o(.text.HAL_TIMEx_MasterConfigSynchronization)
    [Anonymous Symbol]                       0x080036b0   Section        0  stm32f4xx_hal_tim.o(.text.HAL_TIM_Base_Init)
    [Anonymous Symbol]                       0x0800370c   Section        0  stm32f4xx_hal_msp.o(.text.HAL_TIM_Base_MspInit)
    [Anonymous Symbol]                       0x08003754   Section        0  stm32f4xx_hal_tim.o(.text.HAL_TIM_IC_CaptureCallback)
    [Anonymous Symbol]                       0x08003758   Section        0  stm32f4xx_hal_tim.o(.text.HAL_TIM_IRQHandler)
    [Anonymous Symbol]                       0x080038c8   Section        0  stm32f4xx_hal_msp.o(.text.HAL_TIM_MspPostInit)
    [Anonymous Symbol]                       0x08003924   Section        0  stm32f4xx_hal_tim.o(.text.HAL_TIM_OC_DelayElapsedCallback)
    [Anonymous Symbol]                       0x08003928   Section        0  stm32f4xx_hal_tim.o(.text.HAL_TIM_PWM_ConfigChannel)
    [Anonymous Symbol]                       0x08003b48   Section        0  stm32f4xx_hal_tim.o(.text.HAL_TIM_PWM_Init)
    [Anonymous Symbol]                       0x08003ba4   Section        0  stm32f4xx_hal_msp.o(.text.HAL_TIM_PWM_MspInit)
    [Anonymous Symbol]                       0x08003bd8   Section        0  stm32f4xx_hal_tim.o(.text.HAL_TIM_PWM_PulseFinishedCallback)
    [Anonymous Symbol]                       0x08003bdc   Section        0  stm32f4xx_hal_tim.o(.text.HAL_TIM_PWM_Start)
    [Anonymous Symbol]                       0x08003cec   Section        0  stm32f4xx_hal_tim.o(.text.HAL_TIM_PeriodElapsedCallback)
    [Anonymous Symbol]                       0x08003cf0   Section        0  stm32f4xx_hal_tim.o(.text.HAL_TIM_TriggerCallback)
    [Anonymous Symbol]                       0x08003cf4   Section        0  stm32f4xx_hal_uart.o(.text.HAL_UARTEx_RxEventCallback)
    [Anonymous Symbol]                       0x08003cf8   Section        0  stm32f4xx_hal_uart.o(.text.HAL_UART_ErrorCallback)
    [Anonymous Symbol]                       0x08003cfc   Section        0  stm32f4xx_hal_uart.o(.text.HAL_UART_GetState)
    [Anonymous Symbol]                       0x08003d0c   Section        0  stm32f4xx_hal_uart.o(.text.HAL_UART_IRQHandler)
    [Anonymous Symbol]                       0x08004274   Section        0  stm32f4xx_hal_uart.o(.text.HAL_UART_Init)
    [Anonymous Symbol]                       0x080042d4   Section        0  stm32f4xx_hal_msp.o(.text.HAL_UART_MspInit)
    [Anonymous Symbol]                       0x080043a0   Section        0  stm32f4xx_hal_uart.o(.text.HAL_UART_RxCpltCallback)
    [Anonymous Symbol]                       0x080043a4   Section        0  stm32f4xx_hal_uart.o(.text.HAL_UART_Transmit_DMA)
    [Anonymous Symbol]                       0x08004470   Section        0  stm32f4xx_hal_uart.o(.text.HAL_UART_TxCpltCallback)
    [Anonymous Symbol]                       0x08004474   Section        0  stm32f4xx_hal_uart.o(.text.HAL_UART_TxHalfCpltCallback)
    [Anonymous Symbol]                       0x08004478   Section        0  stm32f4xx_it.o(.text.HardFault_Handler)
    [Anonymous Symbol]                       0x0800447c   Section        0  config.o(.text.MX_DCMI_Init)
    [Anonymous Symbol]                       0x080044bc   Section        0  config.o(.text.MX_DMA_Init)
    [Anonymous Symbol]                       0x08004518   Section        0  config.o(.text.MX_GPIO_Init)
    [Anonymous Symbol]                       0x08004660   Section        0  config.o(.text.MX_I2C2_Init)
    [Anonymous Symbol]                       0x080046a4   Section        0  config.o(.text.MX_TIM1_Init)
    [Anonymous Symbol]                       0x08004768   Section        0  config.o(.text.MX_TIM6_Init)
    [Anonymous Symbol]                       0x080047c0   Section        0  config.o(.text.MX_USART3_UART_Init)
    [Anonymous Symbol]                       0x08004800   Section        0  config.o(.text.MX_USB_OTG_FS_PCD_Init)
    [Anonymous Symbol]                       0x08004840   Section        0  stm32f4xx_it.o(.text.MemManage_Handler)
    [Anonymous Symbol]                       0x08004844   Section        0  stm32f4xx_it.o(.text.NMI_Handler)
    [Anonymous Symbol]                       0x08004848   Section        0  stm32f4xx_it.o(.text.PendSV_Handler)
    [Anonymous Symbol]                       0x0800484c   Section        0  stm32f4xx_it.o(.text.SVC_Handler)
    [Anonymous Symbol]                       0x08004850   Section        0  stm32f4xx_it.o(.text.SysTick_Handler)
    [Anonymous Symbol]                       0x08004854   Section        0  config.o(.text.SystemClock_Config)
    [Anonymous Symbol]                       0x08004908   Section        0  system_stm32f4xx.o(.text.SystemInit)
    [Anonymous Symbol]                       0x0800491c   Section        0  stm32f4xx_it.o(.text.TIM6_DAC_IRQHandler)
    [Anonymous Symbol]                       0x08004928   Section        0  stm32f4xx_hal_tim.o(.text.TIM_Base_SetConfig)
    UART_DMAAbortOnError                     0x08004a5d   Thumb Code    12  stm32f4xx_hal_uart.o(.text.UART_DMAAbortOnError)
    [Anonymous Symbol]                       0x08004a5c   Section        0  stm32f4xx_hal_uart.o(.text.UART_DMAAbortOnError)
    UART_DMAError                            0x08004a69   Thumb Code   380  stm32f4xx_hal_uart.o(.text.UART_DMAError)
    [Anonymous Symbol]                       0x08004a68   Section        0  stm32f4xx_hal_uart.o(.text.UART_DMAError)
    UART_DMATransmitCplt                     0x08004be5   Thumb Code   176  stm32f4xx_hal_uart.o(.text.UART_DMATransmitCplt)
    [Anonymous Symbol]                       0x08004be4   Section        0  stm32f4xx_hal_uart.o(.text.UART_DMATransmitCplt)
    UART_DMATxHalfCplt                       0x08004c95   Thumb Code     6  stm32f4xx_hal_uart.o(.text.UART_DMATxHalfCplt)
    [Anonymous Symbol]                       0x08004c94   Section        0  stm32f4xx_hal_uart.o(.text.UART_DMATxHalfCplt)
    UART_Receive_IT                          0x08004c9d   Thumb Code   254  stm32f4xx_hal_uart.o(.text.UART_Receive_IT)
    [Anonymous Symbol]                       0x08004c9c   Section        0  stm32f4xx_hal_uart.o(.text.UART_Receive_IT)
    UART_SetConfig                           0x08004d9d   Thumb Code   230  stm32f4xx_hal_uart.o(.text.UART_SetConfig)
    [Anonymous Symbol]                       0x08004d9c   Section        0  stm32f4xx_hal_uart.o(.text.UART_SetConfig)
    [Anonymous Symbol]                       0x08004e84   Section        0  stm32f4xx_it.o(.text.USART3_IRQHandler)
    [Anonymous Symbol]                       0x08004eb8   Section        0  stm32f4xx_ll_usb.o(.text.USB_CoreInit)
    [Anonymous Symbol]                       0x08005098   Section        0  stm32f4xx_ll_usb.o(.text.USB_DevDisconnect)
    [Anonymous Symbol]                       0x080050b8   Section        0  stm32f4xx_ll_usb.o(.text.USB_DevInit)
    [Anonymous Symbol]                       0x0800553c   Section        0  stm32f4xx_ll_usb.o(.text.USB_DisableGlobalInt)
    [Anonymous Symbol]                       0x0800554c   Section        0  stm32f4xx_ll_usb.o(.text.USB_SetCurrentMode)
    [Anonymous Symbol]                       0x080055b0   Section        0  stm32f4xx_it.o(.text.UsageFault_Handler)
    [Anonymous Symbol]                       0x080055b8   Section        0  main.o(.text.calculate_homography)
    compare_points                           0x080058a1   Thumb Code    20  main.o(.text.compare_points)
    [Anonymous Symbol]                       0x080058a0   Section        0  main.o(.text.compare_points)
    [Anonymous Symbol]                       0x080058b4   Section        0  main.o(.text.find_largest_quadrilateral)
    [Anonymous Symbol]                       0x08005efc   Section        0  main.o(.text.main)
    [Anonymous Symbol]                       0x08006c94   Section        0  ov7670.o(.text.ov7670_capture)
    [Anonymous Symbol]                       0x08006cb8   Section        0  ov7670.o(.text.ov7670_init)
    [Anonymous Symbol]                       0x08006da0   Section        0  main.o(.text.overlay_paper_edges)
    [Anonymous Symbol]                       0x08007208   Section        0  config.o(.text.print_msg)
    [Anonymous Symbol]                       0x08007224   Section        0  config.o(.text.uart_send_bin)
    i.__hardfp_sqrt                          0x08007236   Section        0  sqrt.o(i.__hardfp_sqrt)
    $v0                                      0x080072b0   Number         0  ddiv.o(x$fpl$ddiv)
    x$fpl$ddiv                               0x080072b0   Section      696  ddiv.o(x$fpl$ddiv)
    ddiv_entry                               0x080072b7   Thumb Code     0  ddiv.o(x$fpl$ddiv)
    $v0                                      0x08007568   Number         0  dfix.o(x$fpl$dfix)
    x$fpl$dfix                               0x08007568   Section       94  dfix.o(x$fpl$dfix)
    $v0                                      0x080075c6   Number         0  dflt_clz.o(x$fpl$dflt)
    x$fpl$dflt                               0x080075c6   Section       46  dflt_clz.o(x$fpl$dflt)
    $v0                                      0x080075f4   Number         0  dnaninf.o(x$fpl$dnaninf)
    x$fpl$dnaninf                            0x080075f4   Section      156  dnaninf.o(x$fpl$dnaninf)
    $v0                                      0x08007690   Number         0  dretinf.o(x$fpl$dretinf)
    x$fpl$dretinf                            0x08007690   Section       12  dretinf.o(x$fpl$dretinf)
    $v0                                      0x0800769c   Number         0  dsqrt_umaal.o(x$fpl$dsqrt)
    x$fpl$dsqrt                              0x0800769c   Section      408  dsqrt_umaal.o(x$fpl$dsqrt)
    $v0                                      0x08007834   Number         0  fpinit.o(x$fpl$fpinit)
    x$fpl$fpinit                             0x08007834   Section       26  fpinit.o(x$fpl$fpinit)
    uc_hextab                                0x0800784e   Data          20  _printf_hex_int.o(.constdata)
    .constdata                               0x0800784e   Section       40  _printf_hex_int.o(.constdata)
    x$fpl$usenofp                            0x0800784e   Section        0  usenofp.o(x$fpl$usenofp)
    lc_hextab                                0x08007862   Data          20  _printf_hex_int.o(.constdata)
    DMA_CalcBaseAndBitshift.flagBitshiftOffset 0x08007982   Data           8  stm32f4xx_hal_dma.o(.rodata.cst8)
    [Anonymous Symbol]                       0x08007982   Section        0  stm32f4xx_hal_dma.o(.rodata.cst8)
    .L.str.2                                 0x0800798a   Data           8  main.o(.rodata.str1.1)
    [Anonymous Symbol]                       0x0800798a   Section        0  main.o(.rodata.str1.1)
    .L.str.1                                 0x08007994   Data          12  main.o(.rodata.str1.4)
    [Anonymous Symbol]                       0x08007994   Section        0  main.o(.rodata.str1.4)
    .L_MergedGlobals                         0x20000000   Data           8  stm32f4xx_hal.o(.data..L_MergedGlobals)
    [Anonymous Symbol]                       0x20000000   Section        0  stm32f4xx_hal.o(.data..L_MergedGlobals)
    .bss                                     0x20000010   Section       96  libspace.o(.bss)
    .L_MergedGlobals                         0x20000070   Data          40  main.o(.bss..L_MergedGlobals)
    [Anonymous Symbol]                       0x20000070   Section        0  main.o(.bss..L_MergedGlobals)
    Heap_Mem                                 0x2001f910   Data         512  startup_stm32f446xx.o(HEAP)
    HEAP                                     0x2001f910   Section      512  startup_stm32f446xx.o(HEAP)
    Stack_Mem                                0x2001fb10   Data        1024  startup_stm32f446xx.o(STACK)
    STACK                                    0x2001fb10   Section     1024  startup_stm32f446xx.o(STACK)
    __initial_sp                             0x2001ff10   Data           0  startup_stm32f446xx.o(STACK)

    Global Symbols

    Symbol Name                              Value     Ov Type        Size  Object(Section)

    BuildAttributes$$THM_ISAv4$E$P$D$K$B$S$7EM$VFPi3$EXTD16$VFPS$VFMA$PE$A:L22UL41UL21$X:L11$S22US41US21$IEEE1$IW$~IW$USESV6$~STKCKD$USESV7$~SHL$OTIME$ROPI$IEEEJ$EBA8$UX$STANDARDLIB$REQ8$PRES8$EABIv2 0x00000000   Number         0  anon$$obj.o ABSOLUTE
    __ARM_exceptions_init                     - Undefined Weak Reference
    __alloca_initialize                       - Undefined Weak Reference
    __arm_preinit_                            - Undefined Weak Reference
    __arm_relocate_pie_                       - Undefined Weak Reference
    __cpp_initialize__aeabi_                  - Undefined Weak Reference
    __cxa_finalize                            - Undefined Weak Reference
    __rt_locale                               - Undefined Weak Reference
    __sigvec_lookup                           - Undefined Weak Reference
    _atexit_init                              - Undefined Weak Reference
    _call_atexit_fns                          - Undefined Weak Reference
    _clock_init                               - Undefined Weak Reference
    _fp_trap_init                             - Undefined Weak Reference
    _fp_trap_shutdown                         - Undefined Weak Reference
    _get_lc_collate                           - Undefined Weak Reference
    _get_lc_ctype                             - Undefined Weak Reference
    _get_lc_monetary                          - Undefined Weak Reference
    _get_lc_numeric                           - Undefined Weak Reference
    _get_lc_time                              - Undefined Weak Reference
    _getenv_init                              - Undefined Weak Reference
    _handle_redirection                       - Undefined Weak Reference
    _init_alloc                               - Undefined Weak Reference
    _init_user_alloc                          - Undefined Weak Reference
    _initio                                   - Undefined Weak Reference
    _printf_post_padding                      - Undefined Weak Reference
    _printf_pre_padding                       - Undefined Weak Reference
    _printf_truncate_signed                   - Undefined Weak Reference
    _printf_truncate_unsigned                 - Undefined Weak Reference
    _rand_init                                - Undefined Weak Reference
    _signal_finish                            - Undefined Weak Reference
    _signal_init                              - Undefined Weak Reference
    _terminate_alloc                          - Undefined Weak Reference
    _terminate_user_alloc                     - Undefined Weak Reference
    _terminateio                              - Undefined Weak Reference
    __Vectors_Size                           0x000001c4   Number         0  startup_stm32f446xx.o ABSOLUTE
    __Vectors                                0x08000000   Data           4  startup_stm32f446xx.o(RESET)
    __Vectors_End                            0x080001c4   Data           0  startup_stm32f446xx.o(RESET)
    __main                                   0x080001c5   Thumb Code     8  __main.o(!!!main)
    __scatterload                            0x080001cd   Thumb Code     0  __scatter.o(!!!scatter)
    __scatterload_rt2                        0x080001cd   Thumb Code    84  __scatter.o(!!!scatter)
    __scatterload_rt2_thumb_only             0x080001cd   Thumb Code     0  __scatter.o(!!!scatter)
    __scatterload_loop                       0x080001d7   Thumb Code     0  __scatter.o(!!!scatter)
    __scatterload_copy                       0x08000229   Thumb Code    26  __scatter_copy.o(!!handler_copy)
    __scatterload_null                       0x08000245   Thumb Code     2  __scatter.o(!!handler_null)
    __scatterload_zeroinit                   0x08000249   Thumb Code    28  __scatter_zi.o(!!handler_zi)
    _printf_d                                0x08000265   Thumb Code     0  _printf_d.o(.ARM.Collect$$_printf_percent$$00000009)
    _printf_percent                          0x08000265   Thumb Code     0  _printf_percent.o(.ARM.Collect$$_printf_percent$$00000000)
    _printf_x                                0x0800026b   Thumb Code     0  _printf_x.o(.ARM.Collect$$_printf_percent$$0000000C)
    _printf_percent_end                      0x08000271   Thumb Code     0  _printf_percent_end.o(.ARM.Collect$$_printf_percent$$00000017)
    __rt_lib_init                            0x08000275   Thumb Code     0  libinit.o(.ARM.Collect$$libinit$$00000000)
    __rt_lib_init_fp_1                       0x08000277   Thumb Code     0  libinit2.o(.ARM.Collect$$libinit$$00000001)
    __rt_lib_init_alloca_1                   0x0800027b   Thumb Code     0  libinit2.o(.ARM.Collect$$libinit$$00000030)
    __rt_lib_init_argv_1                     0x0800027b   Thumb Code     0  libinit2.o(.ARM.Collect$$libinit$$0000002E)
    __rt_lib_init_atexit_1                   0x0800027b   Thumb Code     0  libinit2.o(.ARM.Collect$$libinit$$0000001D)
    __rt_lib_init_clock_1                    0x0800027b   Thumb Code     0  libinit2.o(.ARM.Collect$$libinit$$00000023)
    __rt_lib_init_cpp_1                      0x0800027b   Thumb Code     0  libinit2.o(.ARM.Collect$$libinit$$00000034)
    __rt_lib_init_exceptions_1               0x0800027b   Thumb Code     0  libinit2.o(.ARM.Collect$$libinit$$00000032)
    __rt_lib_init_fp_trap_1                  0x0800027b   Thumb Code     0  libinit2.o(.ARM.Collect$$libinit$$00000021)
    __rt_lib_init_getenv_1                   0x0800027b   Thumb Code     0  libinit2.o(.ARM.Collect$$libinit$$00000025)
    __rt_lib_init_heap_1                     0x0800027b   Thumb Code     0  libinit2.o(.ARM.Collect$$libinit$$0000000C)
    __rt_lib_init_lc_collate_1               0x0800027b   Thumb Code     0  libinit2.o(.ARM.Collect$$libinit$$00000013)
    __rt_lib_init_lc_ctype_1                 0x0800027b   Thumb Code     0  libinit2.o(.ARM.Collect$$libinit$$00000015)
    __rt_lib_init_lc_monetary_1              0x0800027b   Thumb Code     0  libinit2.o(.ARM.Collect$$libinit$$00000017)
    __rt_lib_init_lc_numeric_1               0x0800027b   Thumb Code     0  libinit2.o(.ARM.Collect$$libinit$$00000019)
    __rt_lib_init_lc_time_1                  0x0800027b   Thumb Code     0  libinit2.o(.ARM.Collect$$libinit$$0000001B)
    __rt_lib_init_preinit_1                  0x0800027b   Thumb Code     0  libinit2.o(.ARM.Collect$$libinit$$00000006)
    __rt_lib_init_rand_1                     0x0800027b   Thumb Code     0  libinit2.o(.ARM.Collect$$libinit$$00000010)
    __rt_lib_init_relocate_pie_1             0x0800027b   Thumb Code     0  libinit2.o(.ARM.Collect$$libinit$$00000004)
    __rt_lib_init_return                     0x0800027b   Thumb Code     0  libinit2.o(.ARM.Collect$$libinit$$00000035)
    __rt_lib_init_signal_1                   0x0800027b   Thumb Code     0  libinit2.o(.ARM.Collect$$libinit$$0000001F)
    __rt_lib_init_stdio_1                    0x0800027b   Thumb Code     0  libinit2.o(.ARM.Collect$$libinit$$00000027)
    __rt_lib_init_user_alloc_1               0x0800027b   Thumb Code     0  libinit2.o(.ARM.Collect$$libinit$$0000000E)
    __rt_lib_shutdown                        0x0800027d   Thumb Code     0  libshutdown.o(.ARM.Collect$$libshutdown$$00000000)
    __rt_lib_shutdown_cpp_1                  0x0800027f   Thumb Code     0  libshutdown2.o(.ARM.Collect$$libshutdown$$00000002)
    __rt_lib_shutdown_fp_trap_1              0x0800027f   Thumb Code     0  libshutdown2.o(.ARM.Collect$$libshutdown$$00000007)
    __rt_lib_shutdown_heap_1                 0x0800027f   Thumb Code     0  libshutdown2.o(.ARM.Collect$$libshutdown$$0000000F)
    __rt_lib_shutdown_return                 0x0800027f   Thumb Code     0  libshutdown2.o(.ARM.Collect$$libshutdown$$00000010)
    __rt_lib_shutdown_signal_1               0x0800027f   Thumb Code     0  libshutdown2.o(.ARM.Collect$$libshutdown$$0000000A)
    __rt_lib_shutdown_stdio_1                0x0800027f   Thumb Code     0  libshutdown2.o(.ARM.Collect$$libshutdown$$00000004)
    __rt_lib_shutdown_user_alloc_1           0x0800027f   Thumb Code     0  libshutdown2.o(.ARM.Collect$$libshutdown$$0000000C)
    __rt_entry                               0x08000281   Thumb Code     0  __rtentry.o(.ARM.Collect$$rtentry$$00000000)
    __rt_entry_presh_1                       0x08000281   Thumb Code     0  __rtentry2.o(.ARM.Collect$$rtentry$$00000002)
    __rt_entry_sh                            0x08000281   Thumb Code     0  __rtentry4.o(.ARM.Collect$$rtentry$$00000004)
    __rt_entry_li                            0x08000287   Thumb Code     0  __rtentry2.o(.ARM.Collect$$rtentry$$0000000A)
    __rt_entry_postsh_1                      0x08000287   Thumb Code     0  __rtentry2.o(.ARM.Collect$$rtentry$$00000009)
    __rt_entry_main                          0x0800028b   Thumb Code     0  __rtentry2.o(.ARM.Collect$$rtentry$$0000000D)
    __rt_entry_postli_1                      0x0800028b   Thumb Code     0  __rtentry2.o(.ARM.Collect$$rtentry$$0000000C)
    __rt_exit                                0x08000293   Thumb Code     0  rtexit.o(.ARM.Collect$$rtexit$$00000000)
    __rt_exit_ls                             0x08000295   Thumb Code     0  rtexit2.o(.ARM.Collect$$rtexit$$00000003)
    __rt_exit_prels_1                        0x08000295   Thumb Code     0  rtexit2.o(.ARM.Collect$$rtexit$$00000002)
    __rt_exit_exit                           0x08000299   Thumb Code     0  rtexit2.o(.ARM.Collect$$rtexit$$00000004)
    Reset_Handler                            0x080002a1   Thumb Code     8  startup_stm32f446xx.o(.text)
    ADC_IRQHandler                           0x080002bb   Thumb Code     0  startup_stm32f446xx.o(.text)
    CAN1_RX0_IRQHandler                      0x080002bb   Thumb Code     0  startup_stm32f446xx.o(.text)
    CAN1_RX1_IRQHandler                      0x080002bb   Thumb Code     0  startup_stm32f446xx.o(.text)
    CAN1_SCE_IRQHandler                      0x080002bb   Thumb Code     0  startup_stm32f446xx.o(.text)
    CAN1_TX_IRQHandler                       0x080002bb   Thumb Code     0  startup_stm32f446xx.o(.text)
    CAN2_RX0_IRQHandler                      0x080002bb   Thumb Code     0  startup_stm32f446xx.o(.text)
    CAN2_RX1_IRQHandler                      0x080002bb   Thumb Code     0  startup_stm32f446xx.o(.text)
    CAN2_SCE_IRQHandler                      0x080002bb   Thumb Code     0  startup_stm32f446xx.o(.text)
    CAN2_TX_IRQHandler                       0x080002bb   Thumb Code     0  startup_stm32f446xx.o(.text)
    CEC_IRQHandler                           0x080002bb   Thumb Code     0  startup_stm32f446xx.o(.text)
    DMA1_Stream0_IRQHandler                  0x080002bb   Thumb Code     0  startup_stm32f446xx.o(.text)
    DMA1_Stream1_IRQHandler                  0x080002bb   Thumb Code     0  startup_stm32f446xx.o(.text)
    DMA1_Stream2_IRQHandler                  0x080002bb   Thumb Code     0  startup_stm32f446xx.o(.text)
    DMA1_Stream4_IRQHandler                  0x080002bb   Thumb Code     0  startup_stm32f446xx.o(.text)
    DMA1_Stream5_IRQHandler                  0x080002bb   Thumb Code     0  startup_stm32f446xx.o(.text)
    DMA1_Stream6_IRQHandler                  0x080002bb   Thumb Code     0  startup_stm32f446xx.o(.text)
    DMA1_Stream7_IRQHandler                  0x080002bb   Thumb Code     0  startup_stm32f446xx.o(.text)
    DMA2_Stream0_IRQHandler                  0x080002bb   Thumb Code     0  startup_stm32f446xx.o(.text)
    DMA2_Stream2_IRQHandler                  0x080002bb   Thumb Code     0  startup_stm32f446xx.o(.text)
    DMA2_Stream3_IRQHandler                  0x080002bb   Thumb Code     0  startup_stm32f446xx.o(.text)
    DMA2_Stream4_IRQHandler                  0x080002bb   Thumb Code     0  startup_stm32f446xx.o(.text)
    DMA2_Stream5_IRQHandler                  0x080002bb   Thumb Code     0  startup_stm32f446xx.o(.text)
    DMA2_Stream6_IRQHandler                  0x080002bb   Thumb Code     0  startup_stm32f446xx.o(.text)
    DMA2_Stream7_IRQHandler                  0x080002bb   Thumb Code     0  startup_stm32f446xx.o(.text)
    EXTI0_IRQHandler                         0x080002bb   Thumb Code     0  startup_stm32f446xx.o(.text)
    EXTI1_IRQHandler                         0x080002bb   Thumb Code     0  startup_stm32f446xx.o(.text)
    EXTI2_IRQHandler                         0x080002bb   Thumb Code     0  startup_stm32f446xx.o(.text)
    EXTI3_IRQHandler                         0x080002bb   Thumb Code     0  startup_stm32f446xx.o(.text)
    EXTI4_IRQHandler                         0x080002bb   Thumb Code     0  startup_stm32f446xx.o(.text)
    EXTI9_5_IRQHandler                       0x080002bb   Thumb Code     0  startup_stm32f446xx.o(.text)
    FLASH_IRQHandler                         0x080002bb   Thumb Code     0  startup_stm32f446xx.o(.text)
    FMC_IRQHandler                           0x080002bb   Thumb Code     0  startup_stm32f446xx.o(.text)
    FMPI2C1_ER_IRQHandler                    0x080002bb   Thumb Code     0  startup_stm32f446xx.o(.text)
    FMPI2C1_EV_IRQHandler                    0x080002bb   Thumb Code     0  startup_stm32f446xx.o(.text)
    FPU_IRQHandler                           0x080002bb   Thumb Code     0  startup_stm32f446xx.o(.text)
    I2C1_ER_IRQHandler                       0x080002bb   Thumb Code     0  startup_stm32f446xx.o(.text)
    I2C1_EV_IRQHandler                       0x080002bb   Thumb Code     0  startup_stm32f446xx.o(.text)
    I2C2_ER_IRQHandler                       0x080002bb   Thumb Code     0  startup_stm32f446xx.o(.text)
    I2C2_EV_IRQHandler                       0x080002bb   Thumb Code     0  startup_stm32f446xx.o(.text)
    I2C3_ER_IRQHandler                       0x080002bb   Thumb Code     0  startup_stm32f446xx.o(.text)
    I2C3_EV_IRQHandler                       0x080002bb   Thumb Code     0  startup_stm32f446xx.o(.text)
    OTG_FS_IRQHandler                        0x080002bb   Thumb Code     0  startup_stm32f446xx.o(.text)
    OTG_FS_WKUP_IRQHandler                   0x080002bb   Thumb Code     0  startup_stm32f446xx.o(.text)
    OTG_HS_EP1_IN_IRQHandler                 0x080002bb   Thumb Code     0  startup_stm32f446xx.o(.text)
    OTG_HS_EP1_OUT_IRQHandler                0x080002bb   Thumb Code     0  startup_stm32f446xx.o(.text)
    OTG_HS_IRQHandler                        0x080002bb   Thumb Code     0  startup_stm32f446xx.o(.text)
    OTG_HS_WKUP_IRQHandler                   0x080002bb   Thumb Code     0  startup_stm32f446xx.o(.text)
    PVD_IRQHandler                           0x080002bb   Thumb Code     0  startup_stm32f446xx.o(.text)
    QUADSPI_IRQHandler                       0x080002bb   Thumb Code     0  startup_stm32f446xx.o(.text)
    RCC_IRQHandler                           0x080002bb   Thumb Code     0  startup_stm32f446xx.o(.text)
    RTC_Alarm_IRQHandler                     0x080002bb   Thumb Code     0  startup_stm32f446xx.o(.text)
    RTC_WKUP_IRQHandler                      0x080002bb   Thumb Code     0  startup_stm32f446xx.o(.text)
    SAI1_IRQHandler                          0x080002bb   Thumb Code     0  startup_stm32f446xx.o(.text)
    SAI2_IRQHandler                          0x080002bb   Thumb Code     0  startup_stm32f446xx.o(.text)
    SDIO_IRQHandler                          0x080002bb   Thumb Code     0  startup_stm32f446xx.o(.text)
    SPDIF_RX_IRQHandler                      0x080002bb   Thumb Code     0  startup_stm32f446xx.o(.text)
    SPI1_IRQHandler                          0x080002bb   Thumb Code     0  startup_stm32f446xx.o(.text)
    SPI2_IRQHandler                          0x080002bb   Thumb Code     0  startup_stm32f446xx.o(.text)
    SPI3_IRQHandler                          0x080002bb   Thumb Code     0  startup_stm32f446xx.o(.text)
    SPI4_IRQHandler                          0x080002bb   Thumb Code     0  startup_stm32f446xx.o(.text)
    TAMP_STAMP_IRQHandler                    0x080002bb   Thumb Code     0  startup_stm32f446xx.o(.text)
    TIM1_BRK_TIM9_IRQHandler                 0x080002bb   Thumb Code     0  startup_stm32f446xx.o(.text)
    TIM1_CC_IRQHandler                       0x080002bb   Thumb Code     0  startup_stm32f446xx.o(.text)
    TIM1_TRG_COM_TIM11_IRQHandler            0x080002bb   Thumb Code     0  startup_stm32f446xx.o(.text)
    TIM1_UP_TIM10_IRQHandler                 0x080002bb   Thumb Code     0  startup_stm32f446xx.o(.text)
    TIM2_IRQHandler                          0x080002bb   Thumb Code     0  startup_stm32f446xx.o(.text)
    TIM3_IRQHandler                          0x080002bb   Thumb Code     0  startup_stm32f446xx.o(.text)
    TIM4_IRQHandler                          0x080002bb   Thumb Code     0  startup_stm32f446xx.o(.text)
    TIM5_IRQHandler                          0x080002bb   Thumb Code     0  startup_stm32f446xx.o(.text)
    TIM7_IRQHandler                          0x080002bb   Thumb Code     0  startup_stm32f446xx.o(.text)
    TIM8_BRK_TIM12_IRQHandler                0x080002bb   Thumb Code     0  startup_stm32f446xx.o(.text)
    TIM8_CC_IRQHandler                       0x080002bb   Thumb Code     0  startup_stm32f446xx.o(.text)
    TIM8_TRG_COM_TIM14_IRQHandler            0x080002bb   Thumb Code     0  startup_stm32f446xx.o(.text)
    TIM8_UP_TIM13_IRQHandler                 0x080002bb   Thumb Code     0  startup_stm32f446xx.o(.text)
    UART4_IRQHandler                         0x080002bb   Thumb Code     0  startup_stm32f446xx.o(.text)
    UART5_IRQHandler                         0x080002bb   Thumb Code     0  startup_stm32f446xx.o(.text)
    USART1_IRQHandler                        0x080002bb   Thumb Code     0  startup_stm32f446xx.o(.text)
    USART2_IRQHandler                        0x080002bb   Thumb Code     0  startup_stm32f446xx.o(.text)
    USART6_IRQHandler                        0x080002bb   Thumb Code     0  startup_stm32f446xx.o(.text)
    WWDG_IRQHandler                          0x080002bb   Thumb Code     0  startup_stm32f446xx.o(.text)
    __user_initial_stackheap                 0x080002bd   Thumb Code     0  startup_stm32f446xx.o(.text)
    __aeabi_uldivmod                         0x080002e1   Thumb Code     0  lludivv7m.o(.text)
    _ll_udiv                                 0x080002e1   Thumb Code   240  lludivv7m.o(.text)
    __2sprintf                               0x080003d1   Thumb Code    34  noretval__2sprintf.o(.text)
    __printf                                 0x080003f9   Thumb Code   104  __printf.o(.text)
    _printf_int_dec                          0x08000461   Thumb Code   104  _printf_dec.o(.text)
    _printf_int_hex                          0x080004d9   Thumb Code    84  _printf_hex_int.o(.text)
    _printf_longlong_hex                     0x080004d9   Thumb Code     0  _printf_hex_int.o(.text)
    qsort                                    0x0800070f   Thumb Code   134  qsortnoex.o(.text)
    strlen                                   0x08000795   Thumb Code    62  strlen.o(.text)
    __aeabi_memclr4                          0x080007d3   Thumb Code     0  rt_memclr_w.o(.text)
    __aeabi_memclr8                          0x080007d3   Thumb Code     0  rt_memclr_w.o(.text)
    __rt_memclr_w                            0x080007d3   Thumb Code     0  rt_memclr_w.o(.text)
    _memset_w                                0x080007d7   Thumb Code    74  rt_memclr_w.o(.text)
    __use_two_region_memory                  0x08000821   Thumb Code     2  heapauxi.o(.text)
    __rt_heap_escrow$2region                 0x08000823   Thumb Code     2  heapauxi.o(.text)
    __rt_heap_expand$2region                 0x08000825   Thumb Code     2  heapauxi.o(.text)
    __read_errno                             0x08000827   Thumb Code    10  _rserrno.o(.text)
    __set_errno                              0x08000831   Thumb Code    12  _rserrno.o(.text)
    _printf_int_common                       0x0800083d   Thumb Code   178  _printf_intcommon.o(.text)
    _printf_char_common                      0x080008fb   Thumb Code    32  _printf_char_common.o(.text)
    _sputc                                   0x08000921   Thumb Code    10  _sputc.o(.text)
    __aeabi_errno_addr                       0x0800092d   Thumb Code     8  rt_errno_addr_intlibspace.o(.text)
    __errno$intlibspace                      0x0800092d   Thumb Code     0  rt_errno_addr_intlibspace.o(.text)
    __rt_errno_addr$intlibspace              0x0800092d   Thumb Code     0  rt_errno_addr_intlibspace.o(.text)
    __user_libspace                          0x08000935   Thumb Code     8  libspace.o(.text)
    __user_perproc_libspace                  0x08000935   Thumb Code     0  libspace.o(.text)
    __user_perthread_libspace                0x08000935   Thumb Code     0  libspace.o(.text)
    __user_setup_stackheap                   0x0800093d   Thumb Code    74  sys_stackheap_outer.o(.text)
    exit                                     0x08000987   Thumb Code    18  exit.o(.text)
    _sys_exit                                0x08000999   Thumb Code     8  sys_exit.o(.text)
    __I$use$semihosting                      0x080009a5   Thumb Code     0  use_no_semi.o(.text)
    __use_no_semihosting_swi                 0x080009a5   Thumb Code     2  use_no_semi.o(.text)
    __semihosting_library_function           0x080009a7   Thumb Code     0  indicate_semi.o(.text)
    BusFault_Handler                         0x080009a9   Thumb Code     2  stm32f4xx_it.o(.text.BusFault_Handler)
    DCMI_IRQHandler                          0x08000a49   Thumb Code    44  stm32f4xx_it.o(.text.DCMI_IRQHandler)
    DMA1_Stream3_IRQHandler                  0x08000a75   Thumb Code    12  stm32f4xx_it.o(.text.DMA1_Stream3_IRQHandler)
    DMA2_Stream1_IRQHandler                  0x08000a81   Thumb Code    12  stm32f4xx_it.o(.text.DMA2_Stream1_IRQHandler)
    DebugMon_Handler                         0x08000a8d   Thumb Code     2  stm32f4xx_it.o(.text.DebugMon_Handler)
    EXTI15_10_IRQHandler                     0x08000a91   Thumb Code    64  stm32f4xx_it.o(.text.EXTI15_10_IRQHandler)
    Error_Handler                            0x08000ae1   Thumb Code    10  config.o(.text.Error_Handler)
    HAL_DCMI_ErrorCallback                   0x08000aed   Thumb Code     2  stm32f4xx_hal_dcmi.o(.text.HAL_DCMI_ErrorCallback)
    HAL_DCMI_FrameEventCallback              0x08000af1   Thumb Code     2  stm32f4xx_hal_dcmi.o(.text.HAL_DCMI_FrameEventCallback)
    HAL_DCMI_IRQHandler                      0x08000af5   Thumb Code   162  stm32f4xx_hal_dcmi.o(.text.HAL_DCMI_IRQHandler)
    HAL_DCMI_Init                            0x08000b99   Thumb Code   160  stm32f4xx_hal_dcmi_ex.o(.text.HAL_DCMI_Init)
    HAL_DCMI_LineEventCallback               0x08000c39   Thumb Code     2  stm32f4xx_hal_dcmi.o(.text.HAL_DCMI_LineEventCallback)
    HAL_DCMI_MspInit                         0x08000c3d   Thumb Code   404  stm32f4xx_hal_msp.o(.text.HAL_DCMI_MspInit)
    HAL_DCMI_Start_DMA                       0x08000dd1   Thumb Code   264  stm32f4xx_hal_dcmi.o(.text.HAL_DCMI_Start_DMA)
    HAL_DCMI_Stop                            0x08000ed9   Thumb Code   174  stm32f4xx_hal_dcmi.o(.text.HAL_DCMI_Stop)
    HAL_DCMI_VsyncEventCallback              0x08000f89   Thumb Code     2  stm32f4xx_hal_dcmi.o(.text.HAL_DCMI_VsyncEventCallback)
    HAL_DMAEx_ChangeMemory                   0x08000f8d   Thumb Code    20  stm32f4xx_hal_dma_ex.o(.text.HAL_DMAEx_ChangeMemory)
    HAL_DMAEx_MultiBufferStart_IT            0x08000fa1   Thumb Code  1236  stm32f4xx_hal_dma_ex.o(.text.HAL_DMAEx_MultiBufferStart_IT)
    HAL_DMA_Abort                            0x08001475   Thumb Code   142  stm32f4xx_hal_dma.o(.text.HAL_DMA_Abort)
    HAL_DMA_Abort_IT                         0x08001505   Thumb Code    36  stm32f4xx_hal_dma.o(.text.HAL_DMA_Abort_IT)
    HAL_DMA_IRQHandler                       0x08001529   Thumb Code   452  stm32f4xx_hal_dma.o(.text.HAL_DMA_IRQHandler)
    HAL_DMA_Init                             0x080016ed   Thumb Code   354  stm32f4xx_hal_dma.o(.text.HAL_DMA_Init)
    HAL_DMA_Start_IT                         0x08001851   Thumb Code   162  stm32f4xx_hal_dma.o(.text.HAL_DMA_Start_IT)
    HAL_Delay                                0x080018f5   Thumb Code    40  stm32f4xx_hal.o(.text.HAL_Delay)
    HAL_GPIO_EXTI_Callback                   0x0800191d   Thumb Code     2  stm32f4xx_hal_gpio.o(.text.HAL_GPIO_EXTI_Callback)
    HAL_GPIO_EXTI_IRQHandler                 0x08001921   Thumb Code    22  stm32f4xx_hal_gpio.o(.text.HAL_GPIO_EXTI_IRQHandler)
    HAL_GPIO_Init                            0x08001939   Thumb Code   414  stm32f4xx_hal_gpio.o(.text.HAL_GPIO_Init)
    HAL_GPIO_TogglePin                       0x08001ad9   Thumb Code    16  stm32f4xx_hal_gpio.o(.text.HAL_GPIO_TogglePin)
    HAL_GPIO_WritePin                        0x08001ae9   Thumb Code    10  stm32f4xx_hal_gpio.o(.text.HAL_GPIO_WritePin)
    HAL_GetTick                              0x08001af5   Thumb Code    12  stm32f4xx_hal.o(.text.HAL_GetTick)
    HAL_I2C_Init                             0x08001b01   Thumb Code   356  stm32f4xx_hal_i2c.o(.text.HAL_I2C_Init)
    HAL_I2C_Master_Receive                   0x08001c65   Thumb Code  1538  stm32f4xx_hal_i2c.o(.text.HAL_I2C_Master_Receive)
    HAL_I2C_Master_Transmit                  0x08002269   Thumb Code  1048  stm32f4xx_hal_i2c.o(.text.HAL_I2C_Master_Transmit)
    HAL_I2C_MspInit                          0x08002681   Thumb Code   116  stm32f4xx_hal_msp.o(.text.HAL_I2C_MspInit)
    HAL_IncTick                              0x080026f5   Thumb Code    26  stm32f4xx_hal.o(.text.HAL_IncTick)
    HAL_Init                                 0x08002711   Thumb Code    54  stm32f4xx_hal.o(.text.HAL_Init)
    HAL_InitTick                             0x08002749   Thumb Code    72  stm32f4xx_hal.o(.text.HAL_InitTick)
    HAL_MspInit                              0x08002791   Thumb Code    56  stm32f4xx_hal_msp.o(.text.HAL_MspInit)
    HAL_NVIC_EnableIRQ                       0x080027c9   Thumb Code    34  stm32f4xx_hal_cortex.o(.text.HAL_NVIC_EnableIRQ)
    HAL_NVIC_SetPriority                     0x080027ed   Thumb Code    86  stm32f4xx_hal_cortex.o(.text.HAL_NVIC_SetPriority)
    HAL_NVIC_SetPriorityGrouping             0x08002845   Thumb Code    32  stm32f4xx_hal_cortex.o(.text.HAL_NVIC_SetPriorityGrouping)
    HAL_PCDEx_ActivateLPM                    0x08002865   Thumb Code    38  stm32f4xx_hal_pcd_ex.o(.text.HAL_PCDEx_ActivateLPM)
    HAL_PCD_Init                             0x0800288d   Thumb Code   450  stm32f4xx_hal_pcd.o(.text.HAL_PCD_Init)
    HAL_PCD_MspInit                          0x08002a51   Thumb Code   176  stm32f4xx_hal_msp.o(.text.HAL_PCD_MspInit)
    HAL_RCCEx_PeriphCLKConfig                0x08002b01   Thumb Code  1086  stm32f4xx_hal_rcc_ex.o(.text.HAL_RCCEx_PeriphCLKConfig)
    HAL_RCC_ClockConfig                      0x08002f41   Thumb Code   356  stm32f4xx_hal_rcc.o(.text.HAL_RCC_ClockConfig)
    HAL_RCC_GetPCLK1Freq                     0x080030a5   Thumb Code    38  stm32f4xx_hal_rcc.o(.text.HAL_RCC_GetPCLK1Freq)
    HAL_RCC_GetPCLK2Freq                     0x080030cd   Thumb Code    38  stm32f4xx_hal_rcc.o(.text.HAL_RCC_GetPCLK2Freq)
    HAL_RCC_GetSysClockFreq                  0x080030f5   Thumb Code   162  stm32f4xx_hal_rcc_ex.o(.text.HAL_RCC_GetSysClockFreq)
    HAL_RCC_OscConfig                        0x08003199   Thumb Code   988  stm32f4xx_hal_rcc_ex.o(.text.HAL_RCC_OscConfig)
    HAL_SYSTICK_Config                       0x08003575   Thumb Code    44  stm32f4xx_hal_cortex.o(.text.HAL_SYSTICK_Config)
    HAL_TIMEx_BreakCallback                  0x080035a1   Thumb Code     2  stm32f4xx_hal_tim_ex.o(.text.HAL_TIMEx_BreakCallback)
    HAL_TIMEx_CommutCallback                 0x080035a5   Thumb Code     2  stm32f4xx_hal_tim_ex.o(.text.HAL_TIMEx_CommutCallback)
    HAL_TIMEx_ConfigBreakDeadTime            0x080035a9   Thumb Code    76  stm32f4xx_hal_tim_ex.o(.text.HAL_TIMEx_ConfigBreakDeadTime)
    HAL_TIMEx_MasterConfigSynchronization    0x080035f5   Thumb Code   186  stm32f4xx_hal_tim_ex.o(.text.HAL_TIMEx_MasterConfigSynchronization)
    HAL_TIM_Base_Init                        0x080036b1   Thumb Code    90  stm32f4xx_hal_tim.o(.text.HAL_TIM_Base_Init)
    HAL_TIM_Base_MspInit                     0x0800370d   Thumb Code    72  stm32f4xx_hal_msp.o(.text.HAL_TIM_Base_MspInit)
    HAL_TIM_IC_CaptureCallback               0x08003755   Thumb Code     2  stm32f4xx_hal_tim.o(.text.HAL_TIM_IC_CaptureCallback)
    HAL_TIM_IRQHandler                       0x08003759   Thumb Code   368  stm32f4xx_hal_tim.o(.text.HAL_TIM_IRQHandler)
    HAL_TIM_MspPostInit                      0x080038c9   Thumb Code    92  stm32f4xx_hal_msp.o(.text.HAL_TIM_MspPostInit)
    HAL_TIM_OC_DelayElapsedCallback          0x08003925   Thumb Code     2  stm32f4xx_hal_tim.o(.text.HAL_TIM_OC_DelayElapsedCallback)
    HAL_TIM_PWM_ConfigChannel                0x08003929   Thumb Code   544  stm32f4xx_hal_tim.o(.text.HAL_TIM_PWM_ConfigChannel)
    HAL_TIM_PWM_Init                         0x08003b49   Thumb Code    90  stm32f4xx_hal_tim.o(.text.HAL_TIM_PWM_Init)
    HAL_TIM_PWM_MspInit                      0x08003ba5   Thumb Code    50  stm32f4xx_hal_msp.o(.text.HAL_TIM_PWM_MspInit)
    HAL_TIM_PWM_PulseFinishedCallback        0x08003bd9   Thumb Code     2  stm32f4xx_hal_tim.o(.text.HAL_TIM_PWM_PulseFinishedCallback)
    HAL_TIM_PWM_Start                        0x08003bdd   Thumb Code   270  stm32f4xx_hal_tim.o(.text.HAL_TIM_PWM_Start)
    HAL_TIM_PeriodElapsedCallback            0x08003ced   Thumb Code     2  stm32f4xx_hal_tim.o(.text.HAL_TIM_PeriodElapsedCallback)
    HAL_TIM_TriggerCallback                  0x08003cf1   Thumb Code     2  stm32f4xx_hal_tim.o(.text.HAL_TIM_TriggerCallback)
    HAL_UARTEx_RxEventCallback               0x08003cf5   Thumb Code     2  stm32f4xx_hal_uart.o(.text.HAL_UARTEx_RxEventCallback)
    HAL_UART_ErrorCallback                   0x08003cf9   Thumb Code     2  stm32f4xx_hal_uart.o(.text.HAL_UART_ErrorCallback)
    HAL_UART_GetState                        0x08003cfd   Thumb Code    14  stm32f4xx_hal_uart.o(.text.HAL_UART_GetState)
    HAL_UART_IRQHandler                      0x08003d0d   Thumb Code  1384  stm32f4xx_hal_uart.o(.text.HAL_UART_IRQHandler)
    HAL_UART_Init                            0x08004275   Thumb Code    94  stm32f4xx_hal_uart.o(.text.HAL_UART_Init)
    HAL_UART_MspInit                         0x080042d5   Thumb Code   202  stm32f4xx_hal_msp.o(.text.HAL_UART_MspInit)
    HAL_UART_RxCpltCallback                  0x080043a1   Thumb Code     2  stm32f4xx_hal_uart.o(.text.HAL_UART_RxCpltCallback)
    HAL_UART_Transmit_DMA                    0x080043a5   Thumb Code   204  stm32f4xx_hal_uart.o(.text.HAL_UART_Transmit_DMA)
    HAL_UART_TxCpltCallback                  0x08004471   Thumb Code     2  stm32f4xx_hal_uart.o(.text.HAL_UART_TxCpltCallback)
    HAL_UART_TxHalfCpltCallback              0x08004475   Thumb Code     2  stm32f4xx_hal_uart.o(.text.HAL_UART_TxHalfCpltCallback)
    HardFault_Handler                        0x08004479   Thumb Code     2  stm32f4xx_it.o(.text.HardFault_Handler)
    MX_DCMI_Init                             0x0800447d   Thumb Code    62  config.o(.text.MX_DCMI_Init)
    MX_DMA_Init                              0x080044bd   Thumb Code    92  config.o(.text.MX_DMA_Init)
    MX_GPIO_Init                             0x08004519   Thumb Code   328  config.o(.text.MX_GPIO_Init)
    MX_I2C2_Init                             0x08004661   Thumb Code    66  config.o(.text.MX_I2C2_Init)
    MX_TIM1_Init                             0x080046a5   Thumb Code   196  config.o(.text.MX_TIM1_Init)
    MX_TIM6_Init                             0x08004769   Thumb Code    88  config.o(.text.MX_TIM6_Init)
    MX_USART3_UART_Init                      0x080047c1   Thumb Code    62  config.o(.text.MX_USART3_UART_Init)
    MX_USB_OTG_FS_PCD_Init                   0x08004801   Thumb Code    62  config.o(.text.MX_USB_OTG_FS_PCD_Init)
    MemManage_Handler                        0x08004841   Thumb Code     2  stm32f4xx_it.o(.text.MemManage_Handler)
    NMI_Handler                              0x08004845   Thumb Code     2  stm32f4xx_it.o(.text.NMI_Handler)
    PendSV_Handler                           0x08004849   Thumb Code     2  stm32f4xx_it.o(.text.PendSV_Handler)
    SVC_Handler                              0x0800484d   Thumb Code     2  stm32f4xx_it.o(.text.SVC_Handler)
    SysTick_Handler                          0x08004851   Thumb Code     4  stm32f4xx_it.o(.text.SysTick_Handler)
    SystemClock_Config                       0x08004855   Thumb Code   180  config.o(.text.SystemClock_Config)
    SystemInit                               0x08004909   Thumb Code    18  system_stm32f4xx.o(.text.SystemInit)
    TIM6_DAC_IRQHandler                      0x0800491d   Thumb Code    12  stm32f4xx_it.o(.text.TIM6_DAC_IRQHandler)
    TIM_Base_SetConfig                       0x08004929   Thumb Code   308  stm32f4xx_hal_tim.o(.text.TIM_Base_SetConfig)
    USART3_IRQHandler                        0x08004e85   Thumb Code    50  stm32f4xx_it.o(.text.USART3_IRQHandler)
    USB_CoreInit                             0x08004eb9   Thumb Code   478  stm32f4xx_ll_usb.o(.text.USB_CoreInit)
    USB_DevDisconnect                        0x08005099   Thumb Code    30  stm32f4xx_ll_usb.o(.text.USB_DevDisconnect)
    USB_DevInit                              0x080050b9   Thumb Code  1154  stm32f4xx_ll_usb.o(.text.USB_DevInit)
    USB_DisableGlobalInt                     0x0800553d   Thumb Code    14  stm32f4xx_ll_usb.o(.text.USB_DisableGlobalInt)
    USB_SetCurrentMode                       0x0800554d   Thumb Code   100  stm32f4xx_ll_usb.o(.text.USB_SetCurrentMode)
    UsageFault_Handler                       0x080055b1   Thumb Code     2  stm32f4xx_it.o(.text.UsageFault_Handler)
    calculate_homography                     0x080055b9   Thumb Code   736  main.o(.text.calculate_homography)
    find_largest_quadrilateral               0x080058b5   Thumb Code  1604  main.o(.text.find_largest_quadrilateral)
    main                                     0x08005efd   Thumb Code  3468  main.o(.text.main)
    ov7670_capture                           0x08006c95   Thumb Code    36  ov7670.o(.text.ov7670_capture)
    ov7670_init                              0x08006cb9   Thumb Code   192  ov7670.o(.text.ov7670_init)
    overlay_paper_edges                      0x08006da1   Thumb Code  1126  main.o(.text.overlay_paper_edges)
    print_msg                                0x08007209   Thumb Code    28  config.o(.text.print_msg)
    uart_send_bin                            0x08007225   Thumb Code    18  config.o(.text.uart_send_bin)
    __hardfp_sqrt                            0x08007237   Thumb Code   122  sqrt.o(i.__hardfp_sqrt)
    __aeabi_ddiv                             0x080072b1   Thumb Code     0  ddiv.o(x$fpl$ddiv)
    _ddiv                                    0x080072b1   Thumb Code   560  ddiv.o(x$fpl$ddiv)
    __aeabi_d2iz                             0x08007569   Thumb Code     0  dfix.o(x$fpl$dfix)
    _dfix                                    0x08007569   Thumb Code    94  dfix.o(x$fpl$dfix)
    __aeabi_i2d                              0x080075c7   Thumb Code     0  dflt_clz.o(x$fpl$dflt)
    _dflt                                    0x080075c7   Thumb Code    46  dflt_clz.o(x$fpl$dflt)
    __fpl_dnaninf                            0x080075f5   Thumb Code   156  dnaninf.o(x$fpl$dnaninf)
    __fpl_dretinf                            0x08007691   Thumb Code    12  dretinf.o(x$fpl$dretinf)
    _dsqrt                                   0x0800769d   Thumb Code   404  dsqrt_umaal.o(x$fpl$dsqrt)
    _fp_init                                 0x08007835   Thumb Code    26  fpinit.o(x$fpl$fpinit)
    __fplib_config_fpu_vfp                   0x0800784d   Thumb Code     0  fpinit.o(x$fpl$fpinit)
    __fplib_config_pureend_doubles           0x0800784d   Thumb Code     0  fpinit.o(x$fpl$fpinit)
    __I$use$fp                               0x0800784e   Number         0  usenofp.o(x$fpl$usenofp)
    AHBPrescTable                            0x08007876   Data          16  system_stm32f4xx.o(.rodata.AHBPrescTable)
    APBPrescTable                            0x08007886   Data           8  system_stm32f4xx.o(.rodata.APBPrescTable)
    OV7670_reg                               0x0800788e   Data         244  ov7670.o(.rodata.OV7670_reg)
    Region$$Table$$Base                      0x080079a0   Number         0  anon$$obj.o(Region$$Table)
    Region$$Table$$Limit                     0x080079c0   Number         0  anon$$obj.o(Region$$Table)
    uwTickFreq                               0x20000000   Data           1  stm32f4xx_hal.o(.data..L_MergedGlobals)
    uwTickPrio                               0x20000004   Data           4  stm32f4xx_hal.o(.data..L_MergedGlobals)
    SystemCoreClock                          0x20000008   Data           4  system_stm32f4xx.o(.data.SystemCoreClock)
    __libspace_start                         0x20000010   Data          96  libspace.o(.bss)
    __temporary_stack_top$libspace           0x20000070   Data           0  libspace.o(.bss)
    dma_flag                                 0x20000070   Data           1  main.o(.bss..L_MergedGlobals)
    size                                     0x20000074   Data           4  main.o(.bss..L_MergedGlobals)
    paper_corners                            0x20000078   Data          32  main.o(.bss..L_MergedGlobals)
    edge_map                                 0x20000098   Data       25056  main.o(.bss.edge_map)
    hdcmi                                    0x20006278   Data          80  config.o(.bss.hdcmi)
    hdma_dcmi                                0x200062c8   Data          96  config.o(.bss.hdma_dcmi)
    hdma_usart3_tx                           0x20006328   Data          96  config.o(.bss.hdma_usart3_tx)
    hi2c2                                    0x20006388   Data          84  config.o(.bss.hi2c2)
    hpcd_USB_OTG_FS                          0x200063dc   Data        1292  config.o(.bss.hpcd_USB_OTG_FS)
    htim1                                    0x200068e8   Data          72  config.o(.bss.htim1)
    htim6                                    0x20006930   Data          72  config.o(.bss.htim6)
    huart3                                   0x20006978   Data          68  config.o(.bss.huart3)
    old_snapshot_buff                        0x200069bc   Data       25056  main.o(.bss.old_snapshot_buff)
    rle_snapshot                             0x2000cb9c   Data       27056  main.o(.bss.rle_snapshot)
    snapshot_buff                            0x2001354c   Data       50112  main.o(.bss.snapshot_buff)
    uwTick                                   0x2001f90c   Data           4  stm32f4xx_hal.o(.bss.uwTick)



==============================================================================

Memory Map of the image

  Image Entry point : 0x080001c5

  Load Region LR_IROM1 (Base: 0x08000000, Size: 0x000079d0, Max: 0x00080000, ABSOLUTE)

    Execution Region ER_IROM1 (Exec base: 0x08000000, Load base: 0x08000000, Size: 0x000079c0, Max: 0x00080000, ABSOLUTE)

    Exec Addr    Load Addr    Size         Type   Attr      Idx    E Section Name        Object

    0x08000000   0x08000000   0x000001c4   Data   RO            3    RESET               startup_stm32f446xx.o
    0x080001c4   0x080001c4   0x00000008   Code   RO         1536  * !!!main             c_w.l(__main.o)
    0x080001cc   0x080001cc   0x0000005c   Code   RO         1754    !!!scatter          c_w.l(__scatter.o)
    0x08000228   0x08000228   0x0000001a   Code   RO         1758    !!handler_copy      c_w.l(__scatter_copy.o)
    0x08000242   0x08000242   0x00000002   PAD
    0x08000244   0x08000244   0x00000002   Code   RO         1755    !!handler_null      c_w.l(__scatter.o)
    0x08000246   0x08000246   0x00000002   PAD
    0x08000248   0x08000248   0x0000001c   Code   RO         1760    !!handler_zi        c_w.l(__scatter_zi.o)
    0x08000264   0x08000264   0x00000000   Code   RO         1527    .ARM.Collect$$_printf_percent$$00000000  c_w.l(_printf_percent.o)
    0x08000264   0x08000264   0x00000006   Code   RO         1526    .ARM.Collect$$_printf_percent$$00000009  c_w.l(_printf_d.o)
    0x0800026a   0x0800026a   0x00000006   Code   RO         1525    .ARM.Collect$$_printf_percent$$0000000C  c_w.l(_printf_x.o)
    0x08000270   0x08000270   0x00000004   Code   RO         1571    .ARM.Collect$$_printf_percent$$00000017  c_w.l(_printf_percent_end.o)
    0x08000274   0x08000274   0x00000002   Code   RO         1619    .ARM.Collect$$libinit$$00000000  c_w.l(libinit.o)
    0x08000276   0x08000276   0x00000004   Code   RO         1628    .ARM.Collect$$libinit$$00000001  c_w.l(libinit2.o)
    0x0800027a   0x0800027a   0x00000000   Code   RO         1631    .ARM.Collect$$libinit$$00000004  c_w.l(libinit2.o)
    0x0800027a   0x0800027a   0x00000000   Code   RO         1633    .ARM.Collect$$libinit$$00000006  c_w.l(libinit2.o)
    0x0800027a   0x0800027a   0x00000000   Code   RO         1636    .ARM.Collect$$libinit$$0000000C  c_w.l(libinit2.o)
    0x0800027a   0x0800027a   0x00000000   Code   RO         1638    .ARM.Collect$$libinit$$0000000E  c_w.l(libinit2.o)
    0x0800027a   0x0800027a   0x00000000   Code   RO         1640    .ARM.Collect$$libinit$$00000010  c_w.l(libinit2.o)
    0x0800027a   0x0800027a   0x00000000   Code   RO         1643    .ARM.Collect$$libinit$$00000013  c_w.l(libinit2.o)
    0x0800027a   0x0800027a   0x00000000   Code   RO         1645    .ARM.Collect$$libinit$$00000015  c_w.l(libinit2.o)
    0x0800027a   0x0800027a   0x00000000   Code   RO         1647    .ARM.Collect$$libinit$$00000017  c_w.l(libinit2.o)
    0x0800027a   0x0800027a   0x00000000   Code   RO         1649    .ARM.Collect$$libinit$$00000019  c_w.l(libinit2.o)
    0x0800027a   0x0800027a   0x00000000   Code   RO         1651    .ARM.Collect$$libinit$$0000001B  c_w.l(libinit2.o)
    0x0800027a   0x0800027a   0x00000000   Code   RO         1653    .ARM.Collect$$libinit$$0000001D  c_w.l(libinit2.o)
    0x0800027a   0x0800027a   0x00000000   Code   RO         1655    .ARM.Collect$$libinit$$0000001F  c_w.l(libinit2.o)
    0x0800027a   0x0800027a   0x00000000   Code   RO         1657    .ARM.Collect$$libinit$$00000021  c_w.l(libinit2.o)
    0x0800027a   0x0800027a   0x00000000   Code   RO         1659    .ARM.Collect$$libinit$$00000023  c_w.l(libinit2.o)
    0x0800027a   0x0800027a   0x00000000   Code   RO         1661    .ARM.Collect$$libinit$$00000025  c_w.l(libinit2.o)
    0x0800027a   0x0800027a   0x00000000   Code   RO         1663    .ARM.Collect$$libinit$$00000027  c_w.l(libinit2.o)
    0x0800027a   0x0800027a   0x00000000   Code   RO         1667    .ARM.Collect$$libinit$$0000002E  c_w.l(libinit2.o)
    0x0800027a   0x0800027a   0x00000000   Code   RO         1669    .ARM.Collect$$libinit$$00000030  c_w.l(libinit2.o)
    0x0800027a   0x0800027a   0x00000000   Code   RO         1671    .ARM.Collect$$libinit$$00000032  c_w.l(libinit2.o)
    0x0800027a   0x0800027a   0x00000000   Code   RO         1673    .ARM.Collect$$libinit$$00000034  c_w.l(libinit2.o)
    0x0800027a   0x0800027a   0x00000002   Code   RO         1674    .ARM.Collect$$libinit$$00000035  c_w.l(libinit2.o)
    0x0800027c   0x0800027c   0x00000002   Code   RO         1709    .ARM.Collect$$libshutdown$$00000000  c_w.l(libshutdown.o)
    0x0800027e   0x0800027e   0x00000000   Code   RO         1737    .ARM.Collect$$libshutdown$$00000002  c_w.l(libshutdown2.o)
    0x0800027e   0x0800027e   0x00000000   Code   RO         1739    .ARM.Collect$$libshutdown$$00000004  c_w.l(libshutdown2.o)
    0x0800027e   0x0800027e   0x00000000   Code   RO         1742    .ARM.Collect$$libshutdown$$00000007  c_w.l(libshutdown2.o)
    0x0800027e   0x0800027e   0x00000000   Code   RO         1745    .ARM.Collect$$libshutdown$$0000000A  c_w.l(libshutdown2.o)
    0x0800027e   0x0800027e   0x00000000   Code   RO         1747    .ARM.Collect$$libshutdown$$0000000C  c_w.l(libshutdown2.o)
    0x0800027e   0x0800027e   0x00000000   Code   RO         1750    .ARM.Collect$$libshutdown$$0000000F  c_w.l(libshutdown2.o)
    0x0800027e   0x0800027e   0x00000002   Code   RO         1751    .ARM.Collect$$libshutdown$$00000010  c_w.l(libshutdown2.o)
    0x08000280   0x08000280   0x00000000   Code   RO         1558    .ARM.Collect$$rtentry$$00000000  c_w.l(__rtentry.o)
    0x08000280   0x08000280   0x00000000   Code   RO         1580    .ARM.Collect$$rtentry$$00000002  c_w.l(__rtentry2.o)
    0x08000280   0x08000280   0x00000006   Code   RO         1592    .ARM.Collect$$rtentry$$00000004  c_w.l(__rtentry4.o)
    0x08000286   0x08000286   0x00000000   Code   RO         1582    .ARM.Collect$$rtentry$$00000009  c_w.l(__rtentry2.o)
    0x08000286   0x08000286   0x00000004   Code   RO         1583    .ARM.Collect$$rtentry$$0000000A  c_w.l(__rtentry2.o)
    0x0800028a   0x0800028a   0x00000000   Code   RO         1585    .ARM.Collect$$rtentry$$0000000C  c_w.l(__rtentry2.o)
    0x0800028a   0x0800028a   0x00000008   Code   RO         1586    .ARM.Collect$$rtentry$$0000000D  c_w.l(__rtentry2.o)
    0x08000292   0x08000292   0x00000002   Code   RO         1620    .ARM.Collect$$rtexit$$00000000  c_w.l(rtexit.o)
    0x08000294   0x08000294   0x00000000   Code   RO         1680    .ARM.Collect$$rtexit$$00000002  c_w.l(rtexit2.o)
    0x08000294   0x08000294   0x00000004   Code   RO         1681    .ARM.Collect$$rtexit$$00000003  c_w.l(rtexit2.o)
    0x08000298   0x08000298   0x00000006   Code   RO         1682    .ARM.Collect$$rtexit$$00000004  c_w.l(rtexit2.o)
    0x0800029e   0x0800029e   0x00000002   PAD
    0x080002a0   0x080002a0   0x00000040   Code   RO            4    .text               startup_stm32f446xx.o
    0x080002e0   0x080002e0   0x000000f0   Code   RO         1474    .text               c_w.l(lludivv7m.o)
    0x080003d0   0x080003d0   0x00000028   Code   RO         1478    .text               c_w.l(noretval__2sprintf.o)
    0x080003f8   0x080003f8   0x00000068   Code   RO         1480    .text               c_w.l(__printf.o)
    0x08000460   0x08000460   0x00000078   Code   RO         1482    .text               c_w.l(_printf_dec.o)
    0x080004d8   0x080004d8   0x00000058   Code   RO         1487    .text               c_w.l(_printf_hex_int.o)
    0x08000530   0x08000530   0x00000264   Code   RO         1528    .text               c_w.l(qsortnoex.o)
    0x08000794   0x08000794   0x0000003e   Code   RO         1530    .text               c_w.l(strlen.o)
    0x080007d2   0x080007d2   0x0000004e   Code   RO         1532    .text               c_w.l(rt_memclr_w.o)
    0x08000820   0x08000820   0x00000006   Code   RO         1534    .text               c_w.l(heapauxi.o)
    0x08000826   0x08000826   0x00000016   Code   RO         1563    .text               c_w.l(_rserrno.o)
    0x0800083c   0x0800083c   0x000000b2   Code   RO         1565    .text               c_w.l(_printf_intcommon.o)
    0x080008ee   0x080008ee   0x00000002   PAD
    0x080008f0   0x080008f0   0x00000030   Code   RO         1567    .text               c_w.l(_printf_char_common.o)
    0x08000920   0x08000920   0x0000000a   Code   RO         1569    .text               c_w.l(_sputc.o)
    0x0800092a   0x0800092a   0x00000002   PAD
    0x0800092c   0x0800092c   0x00000008   Code   RO         1599    .text               c_w.l(rt_errno_addr_intlibspace.o)
    0x08000934   0x08000934   0x00000008   Code   RO         1603    .text               c_w.l(libspace.o)
    0x0800093c   0x0800093c   0x0000004a   Code   RO         1606    .text               c_w.l(sys_stackheap_outer.o)
    0x08000986   0x08000986   0x00000012   Code   RO         1608    .text               c_w.l(exit.o)
    0x08000998   0x08000998   0x0000000c   Code   RO         1675    .text               c_w.l(sys_exit.o)
    0x080009a4   0x080009a4   0x00000002   Code   RO         1698    .text               c_w.l(use_no_semi.o)
    0x080009a6   0x080009a6   0x00000000   Code   RO         1700    .text               c_w.l(indicate_semi.o)
    0x080009a6   0x080009a6   0x00000002   PAD
    0x080009a8   0x080009a8   0x00000002   Code   RO          126    .text.BusFault_Handler  stm32f4xx_it.o
    0x080009aa   0x080009aa   0x00000002   PAD
    0x080009ac   0x080009ac   0x00000014   Code   RO          205    .text.DCMI_DMAError  stm32f4xx_hal_dcmi.o
    0x080009c0   0x080009c0   0x00000086   Code   RO          203    .text.DCMI_DMAXferCplt  stm32f4xx_hal_dcmi.o
    0x08000a46   0x08000a46   0x00000002   PAD
    0x08000a48   0x08000a48   0x0000002c   Code   RO          148    .text.DCMI_IRQHandler  stm32f4xx_it.o
    0x08000a74   0x08000a74   0x0000000c   Code   RO          138    .text.DMA1_Stream3_IRQHandler  stm32f4xx_it.o
    0x08000a80   0x08000a80   0x0000000c   Code   RO          146    .text.DMA2_Stream1_IRQHandler  stm32f4xx_it.o
    0x08000a8c   0x08000a8c   0x00000002   Code   RO          132    .text.DebugMon_Handler  stm32f4xx_it.o
    0x08000a8e   0x08000a8e   0x00000002   PAD
    0x08000a90   0x08000a90   0x00000050   Code   RO          142    .text.EXTI15_10_IRQHandler  stm32f4xx_it.o
    0x08000ae0   0x08000ae0   0x0000000a   Code   RO           36    .text.Error_Handler  config.o
    0x08000aea   0x08000aea   0x00000002   PAD
    0x08000aec   0x08000aec   0x00000002   Code   RO          221    .text.HAL_DCMI_ErrorCallback  stm32f4xx_hal_dcmi.o
    0x08000aee   0x08000aee   0x00000002   PAD
    0x08000af0   0x08000af0   0x00000002   Code   RO          219    .text.HAL_DCMI_FrameEventCallback  stm32f4xx_hal_dcmi.o
    0x08000af2   0x08000af2   0x00000002   PAD
    0x08000af4   0x08000af4   0x000000a2   Code   RO          213    .text.HAL_DCMI_IRQHandler  stm32f4xx_hal_dcmi.o
    0x08000b96   0x08000b96   0x00000002   PAD
    0x08000b98   0x08000b98   0x000000a0   Code   RO          243    .text.HAL_DCMI_Init  stm32f4xx_hal_dcmi_ex.o
    0x08000c38   0x08000c38   0x00000002   Code   RO          215    .text.HAL_DCMI_LineEventCallback  stm32f4xx_hal_dcmi.o
    0x08000c3a   0x08000c3a   0x00000002   PAD
    0x08000c3c   0x08000c3c   0x00000194   Code   RO          159    .text.HAL_DCMI_MspInit  stm32f4xx_hal_msp.o
    0x08000dd0   0x08000dd0   0x00000108   Code   RO          201    .text.HAL_DCMI_Start_DMA  stm32f4xx_hal_dcmi.o
    0x08000ed8   0x08000ed8   0x000000ae   Code   RO          207    .text.HAL_DCMI_Stop  stm32f4xx_hal_dcmi.o
    0x08000f86   0x08000f86   0x00000002   PAD
    0x08000f88   0x08000f88   0x00000002   Code   RO          217    .text.HAL_DCMI_VsyncEventCallback  stm32f4xx_hal_dcmi.o
    0x08000f8a   0x08000f8a   0x00000002   PAD
    0x08000f8c   0x08000f8c   0x00000014   Code   RO          424    .text.HAL_DMAEx_ChangeMemory  stm32f4xx_hal_dma_ex.o
    0x08000fa0   0x08000fa0   0x000004d4   Code   RO          422    .text.HAL_DMAEx_MultiBufferStart_IT  stm32f4xx_hal_dma_ex.o
    0x08001474   0x08001474   0x0000008e   Code   RO          442    .text.HAL_DMA_Abort  stm32f4xx_hal_dma.o
    0x08001502   0x08001502   0x00000002   PAD
    0x08001504   0x08001504   0x00000024   Code   RO          444    .text.HAL_DMA_Abort_IT  stm32f4xx_hal_dma.o
    0x08001528   0x08001528   0x000001c4   Code   RO          448    .text.HAL_DMA_IRQHandler  stm32f4xx_hal_dma.o
    0x080016ec   0x080016ec   0x00000162   Code   RO          434    .text.HAL_DMA_Init  stm32f4xx_hal_dma.o
    0x0800184e   0x0800184e   0x00000002   PAD
    0x08001850   0x08001850   0x000000a2   Code   RO          440    .text.HAL_DMA_Start_IT  stm32f4xx_hal_dma.o
    0x080018f2   0x080018f2   0x00000002   PAD
    0x080018f4   0x080018f4   0x00000028   Code   RO          601    .text.HAL_Delay     stm32f4xx_hal.o
    0x0800191c   0x0800191c   0x00000002   Code   RO          410    .text.HAL_GPIO_EXTI_Callback  stm32f4xx_hal_gpio.o
    0x0800191e   0x0800191e   0x00000002   PAD
    0x08001920   0x08001920   0x00000016   Code   RO          408    .text.HAL_GPIO_EXTI_IRQHandler  stm32f4xx_hal_gpio.o
    0x08001936   0x08001936   0x00000002   PAD
    0x08001938   0x08001938   0x0000019e   Code   RO          396    .text.HAL_GPIO_Init  stm32f4xx_hal_gpio.o
    0x08001ad6   0x08001ad6   0x00000002   PAD
    0x08001ad8   0x08001ad8   0x00000010   Code   RO          404    .text.HAL_GPIO_TogglePin  stm32f4xx_hal_gpio.o
    0x08001ae8   0x08001ae8   0x0000000a   Code   RO          402    .text.HAL_GPIO_WritePin  stm32f4xx_hal_gpio.o
    0x08001af2   0x08001af2   0x00000002   PAD
    0x08001af4   0x08001af4   0x0000000c   Code   RO          593    .text.HAL_GetTick   stm32f4xx_hal.o
    0x08001b00   0x08001b00   0x00000164   Code   RO          671    .text.HAL_I2C_Init  stm32f4xx_hal_i2c.o
    0x08001c64   0x08001c64   0x00000602   Code   RO          685    .text.HAL_I2C_Master_Receive  stm32f4xx_hal_i2c.o
    0x08002266   0x08002266   0x00000002   PAD
    0x08002268   0x08002268   0x00000418   Code   RO          679    .text.HAL_I2C_Master_Transmit  stm32f4xx_hal_i2c.o
    0x08002680   0x08002680   0x00000074   Code   RO          163    .text.HAL_I2C_MspInit  stm32f4xx_hal_msp.o
    0x080026f4   0x080026f4   0x0000001a   Code   RO          591    .text.HAL_IncTick   stm32f4xx_hal.o
    0x0800270e   0x0800270e   0x00000002   PAD
    0x08002710   0x08002710   0x00000036   Code   RO          581    .text.HAL_Init      stm32f4xx_hal.o
    0x08002746   0x08002746   0x00000002   PAD
    0x08002748   0x08002748   0x00000048   Code   RO          583    .text.HAL_InitTick  stm32f4xx_hal.o
    0x08002790   0x08002790   0x00000038   Code   RO          157    .text.HAL_MspInit   stm32f4xx_hal_msp.o
    0x080027c8   0x080027c8   0x00000022   Code   RO          539    .text.HAL_NVIC_EnableIRQ  stm32f4xx_hal_cortex.o
    0x080027ea   0x080027ea   0x00000002   PAD
    0x080027ec   0x080027ec   0x00000056   Code   RO          537    .text.HAL_NVIC_SetPriority  stm32f4xx_hal_cortex.o
    0x08002842   0x08002842   0x00000002   PAD
    0x08002844   0x08002844   0x00000020   Code   RO          535    .text.HAL_NVIC_SetPriorityGrouping  stm32f4xx_hal_cortex.o
    0x08002864   0x08002864   0x00000026   Code   RO         1338    .text.HAL_PCDEx_ActivateLPM  stm32f4xx_hal_pcd_ex.o
    0x0800288a   0x0800288a   0x00000002   PAD
    0x0800288c   0x0800288c   0x000001c2   Code   RO         1256    .text.HAL_PCD_Init  stm32f4xx_hal_pcd.o
    0x08002a4e   0x08002a4e   0x00000002   PAD
    0x08002a50   0x08002a50   0x000000b0   Code   RO          181    .text.HAL_PCD_MspInit  stm32f4xx_hal_msp.o
    0x08002b00   0x08002b00   0x0000043e   Code   RO          288    .text.HAL_RCCEx_PeriphCLKConfig  stm32f4xx_hal_rcc_ex.o
    0x08002f3e   0x08002f3e   0x00000002   PAD
    0x08002f40   0x08002f40   0x00000164   Code   RO          256    .text.HAL_RCC_ClockConfig  stm32f4xx_hal_rcc.o
    0x080030a4   0x080030a4   0x00000026   Code   RO          268    .text.HAL_RCC_GetPCLK1Freq  stm32f4xx_hal_rcc.o
    0x080030ca   0x080030ca   0x00000002   PAD
    0x080030cc   0x080030cc   0x00000026   Code   RO          270    .text.HAL_RCC_GetPCLK2Freq  stm32f4xx_hal_rcc.o
    0x080030f2   0x080030f2   0x00000002   PAD
    0x080030f4   0x080030f4   0x000000a2   Code   RO          304    .text.HAL_RCC_GetSysClockFreq  stm32f4xx_hal_rcc_ex.o
    0x08003196   0x08003196   0x00000002   PAD
    0x08003198   0x08003198   0x000003dc   Code   RO          308    .text.HAL_RCC_OscConfig  stm32f4xx_hal_rcc_ex.o
    0x08003574   0x08003574   0x0000002c   Code   RO          547    .text.HAL_SYSTICK_Config  stm32f4xx_hal_cortex.o
    0x080035a0   0x080035a0   0x00000002   Code   RO         1122    .text.HAL_TIMEx_BreakCallback  stm32f4xx_hal_tim_ex.o
    0x080035a2   0x080035a2   0x00000002   PAD
    0x080035a4   0x080035a4   0x00000002   Code   RO         1118    .text.HAL_TIMEx_CommutCallback  stm32f4xx_hal_tim_ex.o
    0x080035a6   0x080035a6   0x00000002   PAD
    0x080035a8   0x080035a8   0x0000004c   Code   RO         1114    .text.HAL_TIMEx_ConfigBreakDeadTime  stm32f4xx_hal_tim_ex.o
    0x080035f4   0x080035f4   0x000000ba   Code   RO         1112    .text.HAL_TIMEx_MasterConfigSynchronization  stm32f4xx_hal_tim_ex.o
    0x080036ae   0x080036ae   0x00000002   PAD
    0x080036b0   0x080036b0   0x0000005a   Code   RO          817    .text.HAL_TIM_Base_Init  stm32f4xx_hal_tim.o
    0x0800370a   0x0800370a   0x00000002   PAD
    0x0800370c   0x0800370c   0x00000048   Code   RO          169    .text.HAL_TIM_Base_MspInit  stm32f4xx_hal_msp.o
    0x08003754   0x08003754   0x00000002   Code   RO          953    .text.HAL_TIM_IC_CaptureCallback  stm32f4xx_hal_tim.o
    0x08003756   0x08003756   0x00000002   PAD
    0x08003758   0x08003758   0x00000170   Code   RO          951    .text.HAL_TIM_IRQHandler  stm32f4xx_hal_tim.o
    0x080038c8   0x080038c8   0x0000005c   Code   RO          171    .text.HAL_TIM_MspPostInit  stm32f4xx_hal_msp.o
    0x08003924   0x08003924   0x00000002   Code   RO          955    .text.HAL_TIM_OC_DelayElapsedCallback  stm32f4xx_hal_tim.o
    0x08003926   0x08003926   0x00000002   PAD
    0x08003928   0x08003928   0x00000220   Code   RO          971    .text.HAL_TIM_PWM_ConfigChannel  stm32f4xx_hal_tim.o
    0x08003b48   0x08003b48   0x0000005a   Code   RO          871    .text.HAL_TIM_PWM_Init  stm32f4xx_hal_tim.o
    0x08003ba2   0x08003ba2   0x00000002   PAD
    0x08003ba4   0x08003ba4   0x00000032   Code   RO          167    .text.HAL_TIM_PWM_MspInit  stm32f4xx_hal_msp.o
    0x08003bd6   0x08003bd6   0x00000002   PAD
    0x08003bd8   0x08003bd8   0x00000002   Code   RO          957    .text.HAL_TIM_PWM_PulseFinishedCallback  stm32f4xx_hal_tim.o
    0x08003bda   0x08003bda   0x00000002   PAD
    0x08003bdc   0x08003bdc   0x0000010e   Code   RO          879    .text.HAL_TIM_PWM_Start  stm32f4xx_hal_tim.o
    0x08003cea   0x08003cea   0x00000002   PAD
    0x08003cec   0x08003cec   0x00000002   Code   RO          959    .text.HAL_TIM_PeriodElapsedCallback  stm32f4xx_hal_tim.o
    0x08003cee   0x08003cee   0x00000002   PAD
    0x08003cf0   0x08003cf0   0x00000002   Code   RO          961    .text.HAL_TIM_TriggerCallback  stm32f4xx_hal_tim.o
    0x08003cf2   0x08003cf2   0x00000002   PAD
    0x08003cf4   0x08003cf4   0x00000002   Code   RO         1220    .text.HAL_UARTEx_RxEventCallback  stm32f4xx_hal_uart.o
    0x08003cf6   0x08003cf6   0x00000002   PAD
    0x08003cf8   0x08003cf8   0x00000002   Code   RO         1218    .text.HAL_UART_ErrorCallback  stm32f4xx_hal_uart.o
    0x08003cfa   0x08003cfa   0x00000002   PAD
    0x08003cfc   0x08003cfc   0x0000000e   Code   RO         1240    .text.HAL_UART_GetState  stm32f4xx_hal_uart.o
    0x08003d0a   0x08003d0a   0x00000002   PAD
    0x08003d0c   0x08003d0c   0x00000568   Code   RO         1212    .text.HAL_UART_IRQHandler  stm32f4xx_hal_uart.o
    0x08004274   0x08004274   0x0000005e   Code   RO         1136    .text.HAL_UART_Init  stm32f4xx_hal_uart.o
    0x080042d2   0x080042d2   0x00000002   PAD
    0x080042d4   0x080042d4   0x000000ca   Code   RO          177    .text.HAL_UART_MspInit  stm32f4xx_hal_msp.o
    0x0800439e   0x0800439e   0x00000002   PAD
    0x080043a0   0x080043a0   0x00000002   Code   RO         1226    .text.HAL_UART_RxCpltCallback  stm32f4xx_hal_uart.o
    0x080043a2   0x080043a2   0x00000002   PAD
    0x080043a4   0x080043a4   0x000000cc   Code   RO         1162    .text.HAL_UART_Transmit_DMA  stm32f4xx_hal_uart.o
    0x08004470   0x08004470   0x00000002   Code   RO         1222    .text.HAL_UART_TxCpltCallback  stm32f4xx_hal_uart.o
    0x08004472   0x08004472   0x00000002   PAD
    0x08004474   0x08004474   0x00000002   Code   RO         1224    .text.HAL_UART_TxHalfCpltCallback  stm32f4xx_hal_uart.o
    0x08004476   0x08004476   0x00000002   PAD
    0x08004478   0x08004478   0x00000002   Code   RO          122    .text.HardFault_Handler  stm32f4xx_it.o
    0x0800447a   0x0800447a   0x00000002   PAD
    0x0800447c   0x0800447c   0x0000003e   Code   RO           38    .text.MX_DCMI_Init  config.o
    0x080044ba   0x080044ba   0x00000002   PAD
    0x080044bc   0x080044bc   0x0000005c   Code   RO           50    .text.MX_DMA_Init   config.o
    0x08004518   0x08004518   0x00000148   Code   RO           52    .text.MX_GPIO_Init  config.o
    0x08004660   0x08004660   0x00000042   Code   RO           40    .text.MX_I2C2_Init  config.o
    0x080046a2   0x080046a2   0x00000002   PAD
    0x080046a4   0x080046a4   0x000000c4   Code   RO           42    .text.MX_TIM1_Init  config.o
    0x08004768   0x08004768   0x00000058   Code   RO           44    .text.MX_TIM6_Init  config.o
    0x080047c0   0x080047c0   0x0000003e   Code   RO           46    .text.MX_USART3_UART_Init  config.o
    0x080047fe   0x080047fe   0x00000002   PAD
    0x08004800   0x08004800   0x0000003e   Code   RO           48    .text.MX_USB_OTG_FS_PCD_Init  config.o
    0x0800483e   0x0800483e   0x00000002   PAD
    0x08004840   0x08004840   0x00000002   Code   RO          124    .text.MemManage_Handler  stm32f4xx_it.o
    0x08004842   0x08004842   0x00000002   PAD
    0x08004844   0x08004844   0x00000002   Code   RO          120    .text.NMI_Handler   stm32f4xx_it.o
    0x08004846   0x08004846   0x00000002   PAD
    0x08004848   0x08004848   0x00000002   Code   RO          134    .text.PendSV_Handler  stm32f4xx_it.o
    0x0800484a   0x0800484a   0x00000002   PAD
    0x0800484c   0x0800484c   0x00000002   Code   RO          130    .text.SVC_Handler   stm32f4xx_it.o
    0x0800484e   0x0800484e   0x00000002   PAD
    0x08004850   0x08004850   0x00000004   Code   RO          136    .text.SysTick_Handler  stm32f4xx_it.o
    0x08004854   0x08004854   0x000000b4   Code   RO           34    .text.SystemClock_Config  config.o
    0x08004908   0x08004908   0x00000012   Code   RO         1458    .text.SystemInit    system_stm32f4xx.o
    0x0800491a   0x0800491a   0x00000002   PAD
    0x0800491c   0x0800491c   0x0000000c   Code   RO          144    .text.TIM6_DAC_IRQHandler  stm32f4xx_it.o
    0x08004928   0x08004928   0x00000134   Code   RO          821    .text.TIM_Base_SetConfig  stm32f4xx_hal_tim.o
    0x08004a5c   0x08004a5c   0x0000000c   Code   RO         1216    .text.UART_DMAAbortOnError  stm32f4xx_hal_uart.o
    0x08004a68   0x08004a68   0x0000017c   Code   RO         1168    .text.UART_DMAError  stm32f4xx_hal_uart.o
    0x08004be4   0x08004be4   0x000000b0   Code   RO         1164    .text.UART_DMATransmitCplt  stm32f4xx_hal_uart.o
    0x08004c94   0x08004c94   0x00000006   Code   RO         1166    .text.UART_DMATxHalfCplt  stm32f4xx_hal_uart.o
    0x08004c9a   0x08004c9a   0x00000002   PAD
    0x08004c9c   0x08004c9c   0x000000fe   Code   RO         1214    .text.UART_Receive_IT  stm32f4xx_hal_uart.o
    0x08004d9a   0x08004d9a   0x00000002   PAD
    0x08004d9c   0x08004d9c   0x000000e6   Code   RO         1140    .text.UART_SetConfig  stm32f4xx_hal_uart.o
    0x08004e82   0x08004e82   0x00000002   PAD
    0x08004e84   0x08004e84   0x00000032   Code   RO          140    .text.USART3_IRQHandler  stm32f4xx_it.o
    0x08004eb6   0x08004eb6   0x00000002   PAD
    0x08004eb8   0x08004eb8   0x000001de   Code   RO         1354    .text.USB_CoreInit  stm32f4xx_ll_usb.o
    0x08005096   0x08005096   0x00000002   PAD
    0x08005098   0x08005098   0x0000001e   Code   RO         1404    .text.USB_DevDisconnect  stm32f4xx_ll_usb.o
    0x080050b6   0x080050b6   0x00000002   PAD
    0x080050b8   0x080050b8   0x00000482   Code   RO         1366    .text.USB_DevInit   stm32f4xx_ll_usb.o
    0x0800553a   0x0800553a   0x00000002   PAD
    0x0800553c   0x0800553c   0x0000000e   Code   RO         1360    .text.USB_DisableGlobalInt  stm32f4xx_ll_usb.o
    0x0800554a   0x0800554a   0x00000002   PAD
    0x0800554c   0x0800554c   0x00000064   Code   RO         1362    .text.USB_SetCurrentMode  stm32f4xx_ll_usb.o
    0x080055b0   0x080055b0   0x00000002   Code   RO          128    .text.UsageFault_Handler  stm32f4xx_it.o
    0x080055b2   0x080055b2   0x00000006   PAD
    0x080055b8   0x080055b8   0x000002e8   Code   RO           80    .text.calculate_homography  main.o
    0x080058a0   0x080058a0   0x00000014   Code   RO           98    .text.compare_points  main.o
    0x080058b4   0x080058b4   0x00000648   Code   RO           90    .text.find_largest_quadrilateral  main.o
    0x08005efc   0x08005efc   0x00000d98   Code   RO           70    .text.main          main.o
    0x08006c94   0x08006c94   0x00000024   Code   RO           19    .text.ov7670_capture  ov7670.o
    0x08006cb8   0x08006cb8   0x000000e8   Code   RO           11    .text.ov7670_init   ov7670.o
    0x08006da0   0x08006da0   0x00000466   Code   RO           92    .text.overlay_paper_edges  main.o
    0x08007206   0x08007206   0x00000002   PAD
    0x08007208   0x08007208   0x0000001c   Code   RO           30    .text.print_msg     config.o
    0x08007224   0x08007224   0x00000012   Code   RO           32    .text.uart_send_bin  config.o
    0x08007236   0x08007236   0x0000007a   Code   RO         1552    i.__hardfp_sqrt     m_wm.l(sqrt.o)
    0x080072b0   0x080072b0   0x000002b8   Code   RO         1539    x$fpl$ddiv          fz_wm.l(ddiv.o)
    0x08007568   0x08007568   0x0000005e   Code   RO         1542    x$fpl$dfix          fz_wm.l(dfix.o)
    0x080075c6   0x080075c6   0x0000002e   Code   RO         1547    x$fpl$dflt          fz_wm.l(dflt_clz.o)
    0x080075f4   0x080075f4   0x0000009c   Code   RO         1572    x$fpl$dnaninf       fz_wm.l(dnaninf.o)
    0x08007690   0x08007690   0x0000000c   Code   RO         1574    x$fpl$dretinf       fz_wm.l(dretinf.o)
    0x0800769c   0x0800769c   0x00000198   Code   RO         1576    x$fpl$dsqrt         fz_wm.l(dsqrt_umaal.o)
    0x08007834   0x08007834   0x0000001a   Code   RO         1692    x$fpl$fpinit        fz_wm.l(fpinit.o)
    0x0800784e   0x0800784e   0x00000000   Code   RO         1578    x$fpl$usenofp       fz_wm.l(usenofp.o)
    0x0800784e   0x0800784e   0x00000028   Data   RO         1488    .constdata          c_w.l(_printf_hex_int.o)
    0x08007876   0x08007876   0x00000010   Data   RO         1463    .rodata.AHBPrescTable  system_stm32f4xx.o
    0x08007886   0x08007886   0x00000008   Data   RO         1464    .rodata.APBPrescTable  system_stm32f4xx.o
    0x0800788e   0x0800788e   0x000000f4   Data   RO           21    .rodata.OV7670_reg  ov7670.o
    0x08007982   0x08007982   0x00000008   Data   RO          458    .rodata.cst8        stm32f4xx_hal_dma.o
    0x0800798a   0x0800798a   0x00000008   Data   RO          105    .rodata.str1.1      main.o
    0x08007992   0x08007992   0x00000002   PAD
    0x08007994   0x08007994   0x0000000c   Data   RO          104    .rodata.str1.4      main.o
    0x080079a0   0x080079a0   0x00000020   Data   RO         1753    Region$$Table       anon$$obj.o


    Execution Region RW_IRAM1 (Exec base: 0x20000000, Load base: 0x080079c0, Size: 0x0001ff10, Max: 0x00020000, ABSOLUTE)

    Exec Addr    Load Addr    Size         Type   Attr      Idx    E Section Name        Object

    0x20000000   0x080079c0   0x00000008   Data   RW          636    .data..L_MergedGlobals  stm32f4xx_hal.o
    0x20000008   0x080079c8   0x00000004   Data   RW         1462    .data.SystemCoreClock  system_stm32f4xx.o
    0x2000000c   0x080079cc   0x00000004   PAD
    0x20000010        -       0x00000060   Zero   RW         1604    .bss                c_w.l(libspace.o)
    0x20000070        -       0x00000028   Zero   RW          111    .bss..L_MergedGlobals  main.o
    0x20000098        -       0x000061e0   Zero   RW          106    .bss.edge_map       main.o
    0x20006278        -       0x00000050   Zero   RW           55    .bss.hdcmi          config.o
    0x200062c8        -       0x00000060   Zero   RW           60    .bss.hdma_dcmi      config.o
    0x20006328        -       0x00000060   Zero   RW           61    .bss.hdma_usart3_tx  config.o
    0x20006388        -       0x00000054   Zero   RW           56    .bss.hi2c2          config.o
    0x200063dc        -       0x0000050c   Zero   RW           59    .bss.hpcd_USB_OTG_FS  config.o
    0x200068e8        -       0x00000048   Zero   RW           57    .bss.htim1          config.o
    0x20006930        -       0x00000048   Zero   RW           58    .bss.htim6          config.o
    0x20006978        -       0x00000044   Zero   RW           54    .bss.huart3         config.o
    0x200069bc        -       0x000061e0   Zero   RW          102    .bss.old_snapshot_buff  main.o
    0x2000cb9c        -       0x000069b0   Zero   RW          103    .bss.rle_snapshot   main.o
    0x2001354c        -       0x0000c3c0   Zero   RW          101    .bss.snapshot_buff  main.o
    0x2001f90c        -       0x00000004   Zero   RW          635    .bss.uwTick         stm32f4xx_hal.o
    0x2001f910        -       0x00000200   Zero   RW            2    HEAP                startup_stm32f446xx.o
    0x2001fb10        -       0x00000400   Zero   RW            1    STACK               startup_stm32f446xx.o


==============================================================================

Image component sizes


      Code (inc. data)   RO Data    RW Data    ZI Data      Debug   Object Name

      1192          0          0          0       1860      17385   config.o
      6978         24         20          0     127320      81344   main.o
       268         40        244          0          0       3350   ov7670.o
        64         26        452          0       1536        860   startup_stm32f446xx.o
       204          0          0          8          4       7532   stm32f4xx_hal.o
       196          0          0          0          0      10571   stm32f4xx_hal_cortex.o
       762          0          0          0          0       9010   stm32f4xx_hal_dcmi.o
       160          0          0          0          0       3630   stm32f4xx_hal_dcmi_ex.o
      1146          6          8          0          0      10571   stm32f4xx_hal_dma.o
      1256          0          0          0          0       4843   stm32f4xx_hal_dma_ex.o
       464          0          0          0          0       5504   stm32f4xx_hal_gpio.o
      2942          0          0          0          0      55325   stm32f4xx_hal_i2c.o
      1168          0          0          0          0      17130   stm32f4xx_hal_msp.o
       450          0          0          0          0      17036   stm32f4xx_hal_pcd.o
        38          0          0          0          0       5306   stm32f4xx_hal_pcd_ex.o
       432          0          0          0          0       7603   stm32f4xx_hal_rcc.o
      2236          4          0          0          0      11192   stm32f4xx_hal_rcc_ex.o
      1680          6          0          0          0      57258   stm32f4xx_hal_tim.o
       266          0          0          0          0      21527   stm32f4xx_hal_tim_ex.o
      2764          0          0          0          0      32111   stm32f4xx_hal_uart.o
       230         16          0          0          0       7991   stm32f4xx_it.o
      1776          0          0          0          0      36613   stm32f4xx_ll_usb.o
        18          0         24          4          0       2775   system_stm32f4xx.o

    ----------------------------------------------------------------------
     26830        122        782         12     130724     426467   Object Totals
         0          0         32          0          0          0   (incl. Generated)
       140          0          2          0          4          0   (incl. Padding)

    ----------------------------------------------------------------------

      Code (inc. data)   RO Data    RW Data    ZI Data      Debug   Library Member Name

         8          0          0          0          0         68   __main.o
       104          0          0          0          0         84   __printf.o
         0          0          0          0          0          0   __rtentry.o
        12          0          0          0          0          0   __rtentry2.o
         6          0          0          0          0          0   __rtentry4.o
        94          8          0          0          0          0   __scatter.o
        26          0          0          0          0          0   __scatter_copy.o
        28          0          0          0          0          0   __scatter_zi.o
        48          6          0          0          0         96   _printf_char_common.o
         6          0          0          0          0          0   _printf_d.o
       120         16          0          0          0         92   _printf_dec.o
        88          4         40          0          0         88   _printf_hex_int.o
       178          0          0          0          0         88   _printf_intcommon.o
         0          0          0          0          0          0   _printf_percent.o
         4          0          0          0          0          0   _printf_percent_end.o
         6          0          0          0          0          0   _printf_x.o
        22          0          0          0          0        100   _rserrno.o
        10          0          0          0          0         68   _sputc.o
        18          0          0          0          0         80   exit.o
         6          0          0          0          0        152   heapauxi.o
         0          0          0          0          0          0   indicate_semi.o
         2          0          0          0          0          0   libinit.o
         6          0          0          0          0          0   libinit2.o
         2          0          0          0          0          0   libshutdown.o
         2          0          0          0          0          0   libshutdown2.o
         8          4          0          0         96         68   libspace.o
       240          0          0          0          0        100   lludivv7m.o
        40          6          0          0          0         84   noretval__2sprintf.o
       612          0          0          0          0        136   qsortnoex.o
         8          4          0          0          0         68   rt_errno_addr_intlibspace.o
        78          0          0          0          0         80   rt_memclr_w.o
         2          0          0          0          0          0   rtexit.o
        10          0          0          0          0          0   rtexit2.o
        62          0          0          0          0         76   strlen.o
        12          4          0          0          0         68   sys_exit.o
        74          0          0          0          0         80   sys_stackheap_outer.o
         2          0          0          0          0         68   use_no_semi.o
       696        140          0          0          0        264   ddiv.o
        94          4          0          0          0        140   dfix.o
        46          0          0          0          0        116   dflt_clz.o
       156          4          0          0          0        140   dnaninf.o
        12          0          0          0          0        116   dretinf.o
       408         56          0          0          0        168   dsqrt_umaal.o
        26          0          0          0          0        116   fpinit.o
         0          0          0          0          0          0   usenofp.o
       122          0          0          0          0        148   sqrt.o

    ----------------------------------------------------------------------
      3516        256         40          0         96       2952   Library Totals
        12          0          0          0          0          0   (incl. Padding)

    ----------------------------------------------------------------------

      Code (inc. data)   RO Data    RW Data    ZI Data      Debug   Library Name

      1944         52         40          0         96       1744   c_w.l
      1438        204          0          0          0       1060   fz_wm.l
       122          0          0          0          0        148   m_wm.l

    ----------------------------------------------------------------------
      3516        256         40          0         96       2952   Library Totals

    ----------------------------------------------------------------------

==============================================================================


      Code (inc. data)   RO Data    RW Data    ZI Data      Debug   

     30346        378        822         12     130820     427635   Grand Totals
     30346        378        822         12     130820     427635   ELF Image Totals
     30346        378        822         12          0          0   ROM Totals

==============================================================================

    Total RO  Size (Code + RO Data)                31168 (  30.44kB)
    Total RW  Size (RW Data + ZI Data)            130832 ( 127.77kB)
    Total ROM Size (Code + RO Data + RW Data)      31180 (  30.45kB)

==============================================================================

